Archive member included to satisfy reference by file (symbol)

c:/users/paulok/documents/projects/crevinn/riscv_ibex/riscv32-unknown-elf-gcc/bin/../lib/gcc/riscv32-unknown-elf/7.1.1/../../../../riscv32-unknown-elf/lib/rv32imcxpulpv2/ilp32\libc.a(lib_a-init.o)
                              startup_RV32M1_ri5cy.o (__libc_init_array)
c:/users/paulok/documents/projects/crevinn/riscv_ibex/riscv32-unknown-elf-gcc/bin/../lib/gcc/riscv32-unknown-elf/7.1.1/../../../../riscv32-unknown-elf/lib/rv32imcxpulpv2/ilp32\libc.a(lib_a-memcmp.o)
                              full_demo\common_demo_files\MessageBufferDemo.o (memcmp)
c:/users/paulok/documents/projects/crevinn/riscv_ibex/riscv32-unknown-elf-gcc/bin/../lib/gcc/riscv32-unknown-elf/7.1.1/../../../../riscv32-unknown-elf/lib/rv32imcxpulpv2/ilp32\libc.a(lib_a-memcpy.o)
                              FreeRTOS_Source\queue.o (memcpy)
c:/users/paulok/documents/projects/crevinn/riscv_ibex/riscv32-unknown-elf-gcc/bin/../lib/gcc/riscv32-unknown-elf/7.1.1/../../../../riscv32-unknown-elf/lib/rv32imcxpulpv2/ilp32\libc.a(lib_a-memset.o)
                              FreeRTOS_Source\stream_buffer.o (memset)
c:/users/paulok/documents/projects/crevinn/riscv_ibex/riscv32-unknown-elf-gcc/bin/../lib/gcc/riscv32-unknown-elf/7.1.1/../../../../riscv32-unknown-elf/lib/rv32imcxpulpv2/ilp32\libc.a(lib_a-sprintf.o)
                              full_demo\common_demo_files\MessageBufferDemo.o (sprintf)
c:/users/paulok/documents/projects/crevinn/riscv_ibex/riscv32-unknown-elf-gcc/bin/../lib/gcc/riscv32-unknown-elf/7.1.1/../../../../riscv32-unknown-elf/lib/rv32imcxpulpv2/ilp32\libc.a(lib_a-strcmp.o)
                              full_demo\common_demo_files\MessageBufferDemo.o (strcmp)
c:/users/paulok/documents/projects/crevinn/riscv_ibex/riscv32-unknown-elf-gcc/bin/../lib/gcc/riscv32-unknown-elf/7.1.1/../../../../riscv32-unknown-elf/lib/rv32imcxpulpv2/ilp32\libc.a(lib_a-strlen.o)
                              FreeRTOS_Source\tasks.o (strlen)
c:/users/paulok/documents/projects/crevinn/riscv_ibex/riscv32-unknown-elf-gcc/bin/../lib/gcc/riscv32-unknown-elf/7.1.1/../../../../riscv32-unknown-elf/lib/rv32imcxpulpv2/ilp32\libc.a(lib_a-impure.o)
                              c:/users/paulok/documents/projects/crevinn/riscv_ibex/riscv32-unknown-elf-gcc/bin/../lib/gcc/riscv32-unknown-elf/7.1.1/../../../../riscv32-unknown-elf/lib/rv32imcxpulpv2/ilp32\libc.a(lib_a-sprintf.o) (_impure_ptr)
c:/users/paulok/documents/projects/crevinn/riscv_ibex/riscv32-unknown-elf-gcc/bin/../lib/gcc/riscv32-unknown-elf/7.1.1/../../../../riscv32-unknown-elf/lib/rv32imcxpulpv2/ilp32\libc.a(lib_a-nano-svfprintf.o)
                              c:/users/paulok/documents/projects/crevinn/riscv_ibex/riscv32-unknown-elf-gcc/bin/../lib/gcc/riscv32-unknown-elf/7.1.1/../../../../riscv32-unknown-elf/lib/rv32imcxpulpv2/ilp32\libc.a(lib_a-sprintf.o) (_svfprintf_r)
c:/users/paulok/documents/projects/crevinn/riscv_ibex/riscv32-unknown-elf-gcc/bin/../lib/gcc/riscv32-unknown-elf/7.1.1/../../../../riscv32-unknown-elf/lib/rv32imcxpulpv2/ilp32\libc.a(lib_a-nano-vfprintf_i.o)
                              c:/users/paulok/documents/projects/crevinn/riscv_ibex/riscv32-unknown-elf-gcc/bin/../lib/gcc/riscv32-unknown-elf/7.1.1/../../../../riscv32-unknown-elf/lib/rv32imcxpulpv2/ilp32\libc.a(lib_a-nano-svfprintf.o) (_printf_i)
c:/users/paulok/documents/projects/crevinn/riscv_ibex/riscv32-unknown-elf-gcc/bin/../lib/gcc/riscv32-unknown-elf/7.1.1/../../../../riscv32-unknown-elf/lib/rv32imcxpulpv2/ilp32\libc.a(lib_a-memchr.o)
                              c:/users/paulok/documents/projects/crevinn/riscv_ibex/riscv32-unknown-elf-gcc/bin/../lib/gcc/riscv32-unknown-elf/7.1.1/../../../../riscv32-unknown-elf/lib/rv32imcxpulpv2/ilp32\libc.a(lib_a-nano-svfprintf.o) (memchr)
c:/users/paulok/documents/projects/crevinn/riscv_ibex/riscv32-unknown-elf-gcc/bin/../lib/gcc/riscv32-unknown-elf/7.1.1/../../../../riscv32-unknown-elf/lib/rv32imcxpulpv2/ilp32\libc.a(lib_a-memmove.o)
                              c:/users/paulok/documents/projects/crevinn/riscv_ibex/riscv32-unknown-elf-gcc/bin/../lib/gcc/riscv32-unknown-elf/7.1.1/../../../../riscv32-unknown-elf/lib/rv32imcxpulpv2/ilp32\libc.a(lib_a-nano-svfprintf.o) (memmove)
c:/users/paulok/documents/projects/crevinn/riscv_ibex/riscv32-unknown-elf-gcc/bin/../lib/gcc/riscv32-unknown-elf/7.1.1/../../../../riscv32-unknown-elf/lib/rv32imcxpulpv2/ilp32\libc.a(lib_a-nano-freer.o)
                              c:/users/paulok/documents/projects/crevinn/riscv_ibex/riscv32-unknown-elf-gcc/bin/../lib/gcc/riscv32-unknown-elf/7.1.1/../../../../riscv32-unknown-elf/lib/rv32imcxpulpv2/ilp32\libc.a(lib_a-nano-svfprintf.o) (_free_r)
c:/users/paulok/documents/projects/crevinn/riscv_ibex/riscv32-unknown-elf-gcc/bin/../lib/gcc/riscv32-unknown-elf/7.1.1/../../../../riscv32-unknown-elf/lib/rv32imcxpulpv2/ilp32\libc.a(lib_a-nano-mallocr.o)
[...]
Memory Configuration

Name             Origin             Length             Attributes
m_vector         0x00000000000fff00 0x0000000000000100 xr
m_text           0x0000000000000000 0x00000000000fff00 xr
m_data           0x0000000020000000 0x000000000002e800 rw
rpmsg_sh_mem     0x000000002002e800 0x0000000000001800 rw
m_usb_sram       0x0000000048010000 0x0000000000000800 rw
*default*        0x0000000000000000 0xffffffffffffffff

Linker script and memory map

START GROUP
LOAD FreeRTOS_Source\event_groups.o
LOAD FreeRTOS_Source\list.o
LOAD FreeRTOS_Source\portable\GCC\RISC-V\port.o
LOAD FreeRTOS_Source\portable\GCC\RISC-V\portASM.o
LOAD FreeRTOS_Source\portable\MemMang\heap_4.o
LOAD FreeRTOS_Source\queue.o
LOAD FreeRTOS_Source\stream_buffer.o
LOAD FreeRTOS_Source\tasks.o
LOAD FreeRTOS_Source\timers.o
LOAD startup_RV32M1_ri5cy.o
LOAD blinky_demo\main_blinky.o
LOAD common\pin_mux.o
LOAD common\rv32m1_sdk_riscv\board\board.o
LOAD common\rv32m1_sdk_riscv\board\clock_config.o
LOAD common\rv32m1_sdk_riscv\devices\RV32M1\drivers\fsl_clock.o
LOAD common\rv32m1_sdk_riscv\devices\RV32M1\drivers\fsl_common.o
LOAD common\rv32m1_sdk_riscv\devices\RV32M1\drivers\fsl_gpio.o
LOAD common\rv32m1_sdk_riscv\devices\RV32M1\drivers\fsl_lpuart.o
LOAD common\rv32m1_sdk_riscv\devices\RV32M1\drivers\fsl_msmc.o
LOAD common\rv32m1_sdk_riscv\devices\RV32M1\system_RV32M1_ri5cy.o
LOAD common\rv32m1_sdk_riscv\devices\RV32M1\utilities\fsl_debug_console.o
LOAD common\rv32m1_sdk_riscv\devices\RV32M1\utilities\fsl_io.o
LOAD common\rv32m1_sdk_riscv\devices\RV32M1\utilities\fsl_log.o
LOAD common\rv32m1_sdk_riscv\devices\RV32M1\utilities\fsl_str.o
LOAD full_demo\RegTest.o
LOAD full_demo\common_demo_files\AbortDelay.o
LOAD full_demo\common_demo_files\EventGroupsDemo.o
LOAD full_demo\common_demo_files\GenQTest.o
LOAD full_demo\common_demo_files\MessageBufferDemo.o
LOAD full_demo\common_demo_files\StreamBufferDemo.o
LOAD full_demo\common_demo_files\StreamBufferInterrupt.o
LOAD full_demo\common_demo_files\TaskNotify.o
LOAD full_demo\common_demo_files\TimerDemo.o
LOAD full_demo\common_demo_files\blocktim.o
LOAD full_demo\common_demo_files\countsem.o
LOAD full_demo\common_demo_files\death.o
LOAD full_demo\common_demo_files\dynamic.o
LOAD full_demo\common_demo_files\recmutex.o
LOAD full_demo\main_full.o
LOAD main.o
LOAD c:/users/paulok/documents/projects/crevinn/riscv_ibex/riscv32-unknown-elf-gcc/bin/../lib/gcc/riscv32-unknown-elf/7.1.1/../../../../riscv32-unknown-elf/lib/rv32imcxpulpv2/ilp32\libnosys.a
LOAD c:/users/paulok/documents/projects/crevinn/riscv_ibex/riscv32-unknown-elf-gcc/bin/../lib/gcc/riscv32-unknown-elf/7.1.1/rv32imcxpulpv2/ilp32\libgcc.a
LOAD c:/users/paulok/documents/projects/crevinn/riscv_ibex/riscv32-unknown-elf-gcc/bin/../lib/gcc/riscv32-unknown-elf/7.1.1/../../../../riscv32-unknown-elf/lib/rv32imcxpulpv2/ilp32\libc.a
LOAD c:/users/paulok/documents/projects/crevinn/riscv_ibex/riscv32-unknown-elf-gcc/bin/../lib/gcc/riscv32-unknown-elf/7.1.1/../../../../riscv32-unknown-elf/lib/rv32imcxpulpv2/ilp32\libm.a
LOAD c:/users/paulok/documents/projects/crevinn/riscv_ibex/riscv32-unknown-elf-gcc/bin/../lib/gcc/riscv32-unknown-elf/7.1.1/../../../../riscv32-unknown-elf/lib/rv32imcxpulpv2/ilp32\libm.a
LOAD c:/users/paulok/documents/projects/crevinn/riscv_ibex/riscv32-unknown-elf-gcc/bin/../lib/gcc/riscv32-unknown-elf/7.1.1/../../../../riscv32-unknown-elf/lib/rv32imcxpulpv2/ilp32\libg.a
LOAD c:/users/paulok/documents/projects/crevinn/riscv_ibex/riscv32-unknown-elf-gcc/bin/../lib/gcc/riscv32-unknown-elf/7.1.1/rv32imcxpulpv2/ilp32\libgcc.a
LOAD c:/users/paulok/documents/projects/crevinn/riscv_ibex/riscv32-unknown-elf-gcc/bin/../lib/gcc/riscv32-unknown-elf/7.1.1/../../../../riscv32-unknown-elf/lib/rv32imcxpulpv2/ilp32\libnosys.a
END GROUP
                0x0000000000000400                HEAP_SIZE = DEFINED (__heap_size__)?__heap_size__:0x400
                0x0000000000000800                STACK_SIZE = DEFINED (__stack_size__)?__stack_size__:0x800

.noinit_rpmsg_sh_mem
                0x000000002002e800        0x0
 *(.noinit.$rpmsg_sh_mem*)
                0x000000002002e800                . = ALIGN (0x4)

.vectors        0x00000000000fff00       0x90
                0x00000000000fff00                __VECTOR_TABLE = .
 *(.vectors)
 .vectors       0x00000000000fff00       0x90 startup_RV32M1_ri5cy.o

.text           0x0000000000000000    0x13234
                0x0000000000000000                . = ALIGN (0x4)
 *(.startup)
 .startup       0x0000000000000000      0x194 startup_RV32M1_ri5cy.o
                0x0000000000000028                _fini
                0x0000000000000028                _init
                0x0000000000000124                IRQ_Handler
                0x0000000000000140                IllegalInstruction_Handler
                0x0000000000000158                Ecall_Handler
                0x0000000000000170                LSU_Handler
                0x0000000000000188                IllegalInstruction_HandlerFunc
                0x000000000000018c                Ecall_HandlerFunc
                0x0000000000000190                LSU_HandlerFunc
                0x0000000000000194                . = ALIGN (0x4)
                0x0000000000000194                __user_vector = .
 *(user_vectors)
 user_vectors   0x0000000000000194       0xfc common\rv32m1_sdk_riscv\devices\RV32M1\system_RV32M1_ri5cy.o
                0x0000000000000194                isrTable
 *(.text)
 *fill*         0x0000000000000290       0x70 
 .text          0x0000000000000300      0x352 FreeRTOS_Source\portable\GCC\RISC-V\portASM.o
                0x0000000000000300                freertos_risc_v_trap_handler
                0x0000000000000500                xPortStartFirstTask
                0x0000000000000600                pxPortInitialiseStack
 *fill*         0x0000000000000652        0xe 
 .text          0x0000000000000660      0x362 full_demo\RegTest.o
                0x0000000000000660                vRegTest1Implementation
                0x00000000000007e0                vRegTest2Implementation
 .text          0x00000000000009c2       0x62 c:/users/paulok/documents/projects/crevinn/riscv_ibex/riscv32-unknown-elf-gcc/bin/../lib/gcc/riscv32-unknown-elf/7.1.1/../../../../riscv32-unknown-elf/lib/rv32imcxpulpv2/ilp32\libc.a(lib_a-init.o)
                0x00000000000009c2                __libc_init_array
 .text          0x0000000000000a24       0x1c c:/users/paulok/documents/projects/crevinn/riscv_ibex/riscv32-unknown-elf-gcc/bin/../lib/gcc/riscv32-unknown-elf/7.1.1/../../../../riscv32-unknown-elf/lib/rv32imcxpulpv2/ilp32\libc.a(lib_a-memcmp.o)
                0x0000000000000a24                memcmp
 .text          0x0000000000000a40       0xb6 c:/users/paulok/documents/projects/crevinn/riscv_ibex/riscv32-unknown-elf-gcc/bin/../lib/gcc/riscv32-unknown-elf/7.1.1/../../../../riscv32-unknown-elf/lib/rv32imcxpulpv2/ilp32\libc.a(lib_a-memcpy.o)
                0x0000000000000a40                memcpy
 .text          0x0000000000000af6       0xa8 c:/users/paulok/documents/projects/crevinn/riscv_ibex/riscv32-unknown-elf-gcc/bin/../lib/gcc/riscv32-unknown-elf/7.1.1/../../../../riscv32-unknown-elf/lib/rv32imcxpulpv2/ilp32\libc.a(lib_a-memset.o)
                0x0000000000000af6                memset
 .text          0x0000000000000b9e       0x80 c:/users/paulok/documents/projects/crevinn/riscv_ibex/riscv32-unknown-elf-gcc/bin/../lib/gcc/riscv32-unknown-elf/7.1.1/../../../../riscv32-unknown-elf/lib/rv32imcxpulpv2/ilp32\libc.a(lib_a-sprintf.o)
                0x0000000000000b9e                _sprintf_r
                0x0000000000000b9e                _siprintf_r
                0x0000000000000bd8                siprintf
                0x0000000000000bd8                sprintf
 .text          0x0000000000000c1e      0x11e c:/users/paulok/documents/projects/crevinn/riscv_ibex/riscv32-unknown-elf-gcc/bin/../lib/gcc/riscv32-unknown-elf/7.1.1/../../../../riscv32-unknown-elf/lib/rv32imcxpulpv2/ilp32\libc.a(lib_a-strcmp.o)
                0x0000000000000c1e                strcmp
 .text          0x0000000000000d3c       0x10 c:/users/paulok/documents/projects/crevinn/riscv_ibex/riscv32-unknown-elf-gcc/bin/../lib/gcc/riscv32-unknown-elf/7.1.1/../../../../riscv32-unknown-elf/lib/rv32imcxpulpv2/ilp32\libc.a(lib_a-strlen.o)
                0x0000000000000d3c                strlen
 .text          0x0000000000000d4c      0x476 c:/users/paulok/documents/projects/crevinn/riscv_ibex/riscv32-unknown-elf-gcc/bin/../lib/gcc/riscv32-unknown-elf/7.1.1/../../../../riscv32-unknown-elf/lib/rv32imcxpulpv2/ilp32\libc.a(lib_a-nano-svfprintf.o)
                0x0000000000000d4c                __ssputs_r
                0x0000000000000e2e                __ssprint_r
                0x0000000000000f58                _svfiprintf_r
                0x0000000000000f58                _svfprintf_r
 .text          0x00000000000011c2      0x39e c:/users/paulok/documents/projects/crevinn/riscv_ibex/riscv32-unknown-elf-gcc/bin/../lib/gcc/riscv32-unknown-elf/7.1.1/../../../../riscv32-unknown-elf/lib/rv32imcxpulpv2/ilp32\libc.a(lib_a-nano-vfprintf_i.o)
                0x00000000000011c2                _printf_common
                0x00000000000012bc                _printf_i
 .text          0x0000000000001560       0x1e c:/users/paulok/documents/projects/crevinn/riscv_ibex/riscv32-unknown-elf-gcc/bin/../lib/gcc/riscv32-unknown-elf/7.1.1/../../../../riscv32-unknown-elf/lib/rv32imcxpulpv2/ilp32\libc.a(lib_a-memchr.o)
                0x0000000000001560                memchr
 .text          0x000000000000157e       0x3a c:/users/paulok/documents/projects/crevinn/riscv_ibex/riscv32-unknown-elf-gcc/bin/../lib/gcc/riscv32-unknown-elf/7.1.1/../../../../riscv32-unknown-elf/lib/rv32imcxpulpv2/ilp32\libc.a(lib_a-memmove.o)
                0x000000000000157e                memmove
 .text          0x00000000000015b8       0xac c:/users/paulok/documents/projects/crevinn/riscv_ibex/riscv32-unknown-elf-gcc/bin/../lib/gcc/riscv32-unknown-elf/7.1.1/../../../../riscv32-unknown-elf/lib/rv32imcxpulpv2/ilp32\libc.a(lib_a-nano-freer.o)
                0x00000000000015b8                _free_r
 .text          0x0000000000001664       0xda c:/users/paulok/documents/projects/crevinn/riscv_ibex/riscv32-unknown-elf-gcc/bin/../lib/gcc/riscv32-unknown-elf/7.1.1/../../../../riscv32-unknown-elf/lib/rv32imcxpulpv2/ilp32\libc.a(lib_a-nano-mallocr.o)
                0x0000000000001664                _malloc_r
 .text          0x000000000000173e       0x50 c:/users/paulok/documents/projects/crevinn/riscv_ibex/riscv32-unknown-elf-gcc/bin/../lib/gcc/riscv32-unknown-elf/7.1.1/../../../../riscv32-unknown-elf/lib/rv32imcxpulpv2/ilp32\libc.a(lib_a-nano-reallocr.o)
                0x000000000000173e                _realloc_r
 .text          0x000000000000178e       0x2c c:/users/paulok/documents/projects/crevinn/riscv_ibex/riscv32-unknown-elf-gcc/bin/../lib/gcc/riscv32-unknown-elf/7.1.1/../../../../riscv32-unknown-elf/lib/rv32imcxpulpv2/ilp32\libc.a(lib_a-sbrkr.o)
                0x000000000000178e                _sbrk_r
 .text          0x00000000000017ba        0x4 c:/users/paulok/documents/projects/crevinn/riscv_ibex/riscv32-unknown-elf-gcc/bin/../lib/gcc/riscv32-unknown-elf/7.1.1/../../../../riscv32-unknown-elf/lib/rv32imcxpulpv2/ilp32\libc.a(lib_a-mlock.o)
                0x00000000000017ba                __malloc_lock
                0x00000000000017bc                __malloc_unlock
 .text          0x00000000000017be       0x14 c:/users/paulok/documents/projects/crevinn/riscv_ibex/riscv32-unknown-elf-gcc/bin/../lib/gcc/riscv32-unknown-elf/7.1.1/../../../../riscv32-unknown-elf/lib/rv32imcxpulpv2/ilp32\libc.a(lib_a-nano-msizer.o)
                0x00000000000017be                _malloc_usable_size_r
 .text          0x00000000000017d2       0x24 c:/users/paulok/documents/projects/crevinn/riscv_ibex/riscv32-unknown-elf-gcc/bin/../lib/gcc/riscv32-unknown-elf/7.1.1/../../../../riscv32-unknown-elf/lib/rv32imcxpulpv2/ilp32\libnosys.a(sbrk.o)
                0x00000000000017d2                sbrk
 *(.text*)
 .text.xEventGroupCreate
                0x00000000000017f6       0x38 FreeRTOS_Source\event_groups.o
                0x00000000000017f6                xEventGroupCreate
 .text.xEventGroupSync
                0x000000000000182e      0x182 FreeRTOS_Source\event_groups.o
                0x000000000000182e                xEventGroupSync
 .text.xEventGroupWaitBits
                0x00000000000019b0      0x1ba FreeRTOS_Source\event_groups.o
                0x00000000000019b0                xEventGroupWaitBits
 .text.xEventGroupClearBits
                0x0000000000001b6a       0x70 FreeRTOS_Source\event_groups.o
                0x0000000000001b6a                xEventGroupClearBits
 .text.xEventGroupGetBitsFromISR
                0x0000000000001bda       0x2c FreeRTOS_Source\event_groups.o
                0x0000000000001bda                xEventGroupGetBitsFromISR
 .text.xEventGroupSetBits
                0x0000000000001c06      0x15e FreeRTOS_Source\event_groups.o
                0x0000000000001c06                xEventGroupSetBits
 .text.vEventGroupDelete
                0x0000000000001d64       0x68 FreeRTOS_Source\event_groups.o
                0x0000000000001d64                vEventGroupDelete
 .text.vEventGroupSetBitsCallback
                0x0000000000001dcc       0x24 FreeRTOS_Source\event_groups.o
                0x0000000000001dcc                vEventGroupSetBitsCallback
 .text.vEventGroupClearBitsCallback
                0x0000000000001df0       0x24 FreeRTOS_Source\event_groups.o
                0x0000000000001df0                vEventGroupClearBitsCallback
 .text.prvTestWaitCondition
                0x0000000000001e14       0x54 FreeRTOS_Source\event_groups.o
 .text.vListInitialise
                0x0000000000001e68       0x4c FreeRTOS_Source\list.o
                0x0000000000001e68                vListInitialise
 .text.vListInitialiseItem
                0x0000000000001eb4       0x1a FreeRTOS_Source\list.o
                0x0000000000001eb4                vListInitialiseItem
 .text.vListInsertEnd
                0x0000000000001ece       0x66 FreeRTOS_Source\list.o
                0x0000000000001ece                vListInsertEnd
 .text.vListInsert
                0x0000000000001f34       0xa0 FreeRTOS_Source\list.o
                0x0000000000001f34                vListInsert
 .text.uxListRemove
                0x0000000000001fd4       0x70 FreeRTOS_Source\list.o
                0x0000000000001fd4                uxListRemove
 .text.xPortStartScheduler
                0x0000000000002044       0x5a FreeRTOS_Source\portable\GCC\RISC-V\port.o
                0x0000000000002044                xPortStartScheduler
 .text.pvPortMalloc
                0x000000000000209e      0x216 FreeRTOS_Source\portable\MemMang\heap_4.o
                0x000000000000209e                pvPortMalloc
 .text.vPortFree
                0x00000000000022b4       0xd4 FreeRTOS_Source\portable\MemMang\heap_4.o
                0x00000000000022b4                vPortFree
 .text.prvHeapInit
                0x0000000000002388      0x114 FreeRTOS_Source\portable\MemMang\heap_4.o
 .text.prvInsertBlockIntoFreeList
                0x000000000000249c       0xf8 FreeRTOS_Source\portable\MemMang\heap_4.o
 .text.xQueueGenericReset
                0x0000000000002594       0xe0 FreeRTOS_Source\queue.o
                0x0000000000002594                xQueueGenericReset
 .text.xQueueGenericCreate
                0x0000000000002674       0xc2 FreeRTOS_Source\queue.o
                0x0000000000002674                xQueueGenericCreate
 .text.prvInitialiseNewQueue
                0x0000000000002736       0x60 FreeRTOS_Source\queue.o
 .text.prvInitialiseMutex
                0x0000000000002796       0x40 FreeRTOS_Source\queue.o
 .text.xQueueCreateMutex
                0x00000000000027d6       0x40 FreeRTOS_Source\queue.o
                0x00000000000027d6                xQueueCreateMutex
 .text.xQueueGetMutexHolder
                0x0000000000002816       0x42 FreeRTOS_Source\queue.o
                0x0000000000002816                xQueueGetMutexHolder
 .text.xQueueGetMutexHolderFromISR
                0x0000000000002858       0x3c FreeRTOS_Source\queue.o
                0x0000000000002858                xQueueGetMutexHolderFromISR
 .text.xQueueGiveMutexRecursive
                0x0000000000002894       0x74 FreeRTOS_Source\queue.o
                0x0000000000002894                xQueueGiveMutexRecursive
 .text.xQueueTakeMutexRecursive
                0x0000000000002908       0x84 FreeRTOS_Source\queue.o
                0x0000000000002908                xQueueTakeMutexRecursive
 .text.xQueueCreateCountingSemaphore
                0x000000000000298c       0x5e FreeRTOS_Source\queue.o
                0x000000000000298c                xQueueCreateCountingSemaphore
 .text.xQueueGenericSend
                0x00000000000029ea      0x1c6 FreeRTOS_Source\queue.o
                0x00000000000029ea                xQueueGenericSend
 .text.xQueueGenericSendFromISR
                0x0000000000002bb0      0x124 FreeRTOS_Source\queue.o
                0x0000000000002bb0                xQueueGenericSendFromISR
 .text.xQueueReceive
                0x0000000000002cd4      0x198 FreeRTOS_Source\queue.o
                0x0000000000002cd4                xQueueReceive
 .text.xQueueSemaphoreTake
                0x0000000000002e6c      0x1e6 FreeRTOS_Source\queue.o
                0x0000000000002e6c                xQueueSemaphoreTake
 .text.xQueuePeek
                0x0000000000003052      0x19c FreeRTOS_Source\queue.o
                0x0000000000003052                xQueuePeek
 .text.uxQueueMessagesWaiting
                0x00000000000031ee       0x3a FreeRTOS_Source\queue.o
                0x00000000000031ee                uxQueueMessagesWaiting
 .text.vQueueDelete
                0x0000000000003228       0x3a FreeRTOS_Source\queue.o
                0x0000000000003228                vQueueDelete
 .text.prvGetDisinheritPriorityAfterTimeout
                0x0000000000003262       0x36 FreeRTOS_Source\queue.o
 .text.prvCopyDataToQueue
                0x0000000000003298      0x128 FreeRTOS_Source\queue.o
 .text.prvCopyDataFromQueue
                0x00000000000033c0       0x6a FreeRTOS_Source\queue.o
 .text.prvUnlockQueue
                0x000000000000342a       0xc4 FreeRTOS_Source\queue.o
 .text.prvIsQueueEmpty
                0x00000000000034ee       0x36 FreeRTOS_Source\queue.o
 .text.prvIsQueueFull
                0x0000000000003524       0x3e FreeRTOS_Source\queue.o
 .text.vQueueAddToRegistry
                0x0000000000003562       0x72 FreeRTOS_Source\queue.o
                0x0000000000003562                vQueueAddToRegistry
 .text.vQueueUnregisterQueue
                0x00000000000035d4       0x70 FreeRTOS_Source\queue.o
                0x00000000000035d4                vQueueUnregisterQueue
 .text.vQueueWaitForMessageRestricted
                0x0000000000003644       0x82 FreeRTOS_Source\queue.o
                0x0000000000003644                vQueueWaitForMessageRestricted
 .text.xStreamBufferGenericCreate
                0x00000000000036c6       0xc6 FreeRTOS_Source\stream_buffer.o
                0x00000000000036c6                xStreamBufferGenericCreate
 .text.vStreamBufferDelete
                0x000000000000378c       0x50 FreeRTOS_Source\stream_buffer.o
                0x000000000000378c                vStreamBufferDelete
 .text.xStreamBufferReset
                0x00000000000037dc       0x76 FreeRTOS_Source\stream_buffer.o
                0x00000000000037dc                xStreamBufferReset
 .text.xStreamBufferSpacesAvailable
                0x0000000000003852       0x7a FreeRTOS_Source\stream_buffer.o
                0x0000000000003852                xStreamBufferSpacesAvailable
 .text.xStreamBufferBytesAvailable
                0x00000000000038cc       0x3c FreeRTOS_Source\stream_buffer.o
                0x00000000000038cc                xStreamBufferBytesAvailable
 .text.xStreamBufferSend
                0x0000000000003908      0x1ac FreeRTOS_Source\stream_buffer.o
                0x0000000000003908                xStreamBufferSend
 .text.xStreamBufferSendFromISR
                0x0000000000003ab4       0xd0 FreeRTOS_Source\stream_buffer.o
                0x0000000000003ab4                xStreamBufferSendFromISR
 .text.prvWriteMessageToBuffer
                0x0000000000003b84       0xa2 FreeRTOS_Source\stream_buffer.o
 .text.xStreamBufferReceive
                0x0000000000003c26      0x142 FreeRTOS_Source\stream_buffer.o
                0x0000000000003c26                xStreamBufferReceive
 .text.xStreamBufferNextMessageLengthBytes
                0x0000000000003d68       0x9a FreeRTOS_Source\stream_buffer.o
                0x0000000000003d68                xStreamBufferNextMessageLengthBytes
 .text.xStreamBufferReceiveFromISR
                0x0000000000003e02       0xc8 FreeRTOS_Source\stream_buffer.o
                0x0000000000003e02                xStreamBufferReceiveFromISR
 .text.prvReadMessageFromBuffer
                0x0000000000003eca       0xa0 FreeRTOS_Source\stream_buffer.o
 .text.xStreamBufferIsEmpty
                0x0000000000003f6a       0x50 FreeRTOS_Source\stream_buffer.o
                0x0000000000003f6a                xStreamBufferIsEmpty
 .text.xStreamBufferIsFull
                0x0000000000003fba       0x68 FreeRTOS_Source\stream_buffer.o
                0x0000000000003fba                xStreamBufferIsFull
 .text.prvWriteBytesToBuffer
                0x0000000000004022      0x110 FreeRTOS_Source\stream_buffer.o
 .text.prvReadBytesFromBuffer
                0x0000000000004132      0x128 FreeRTOS_Source\stream_buffer.o
 .text.prvBytesInBuffer
                0x000000000000425a       0x5a FreeRTOS_Source\stream_buffer.o
 .text.prvInitialiseNewStreamBuffer
                0x00000000000042b4       0x8a FreeRTOS_Source\stream_buffer.o
 .text.xTaskCreate
                0x000000000000433e       0xac FreeRTOS_Source\tasks.o
                0x000000000000433e                xTaskCreate
 .text.prvInitialiseNewTask
                0x00000000000043ea      0x1a6 FreeRTOS_Source\tasks.o
 .text.prvAddNewTaskToReadyList
                0x0000000000004590      0x100 FreeRTOS_Source\tasks.o
 .text.vTaskDelete
                0x0000000000004690       0xf4 FreeRTOS_Source\tasks.o
                0x0000000000004690                vTaskDelete
 .text.xTaskDelayUntil
                0x0000000000004784       0xf2 FreeRTOS_Source\tasks.o
                0x0000000000004784                xTaskDelayUntil
 .text.vTaskDelay
                0x0000000000004876       0x4e FreeRTOS_Source\tasks.o
                0x0000000000004876                vTaskDelay
 .text.eTaskGetState
                0x00000000000048c4      0x112 FreeRTOS_Source\tasks.o
                0x00000000000048c4                eTaskGetState
 .text.uxTaskPriorityGet
                0x00000000000049d6       0x44 FreeRTOS_Source\tasks.o
                0x00000000000049d6                uxTaskPriorityGet
 .text.vTaskPrioritySet
                0x0000000000004a1a      0x184 FreeRTOS_Source\tasks.o
                0x0000000000004a1a                vTaskPrioritySet
 .text.vTaskSuspend
                0x0000000000004b9e      0x110 FreeRTOS_Source\tasks.o
                0x0000000000004b9e                vTaskSuspend
 .text.prvTaskIsTaskSuspended
                0x0000000000004cae       0x62 FreeRTOS_Source\tasks.o
 .text.vTaskResume
                0x0000000000004d10       0xbe FreeRTOS_Source\tasks.o
                0x0000000000004d10                vTaskResume
 .text.vTaskStartScheduler
                0x0000000000004dce       0x8e FreeRTOS_Source\tasks.o
                0x0000000000004dce                vTaskStartScheduler
 .text.vTaskSuspendAll
                0x0000000000004e5c       0x22 FreeRTOS_Source\tasks.o
                0x0000000000004e5c                vTaskSuspendAll
 .text.xTaskResumeAll
                0x0000000000004e7e      0x154 FreeRTOS_Source\tasks.o
                0x0000000000004e7e                xTaskResumeAll
 .text.xTaskGetTickCount
                0x0000000000004fd2       0x1e FreeRTOS_Source\tasks.o
                0x0000000000004fd2                xTaskGetTickCount
 .text.xTaskGetTickCountFromISR
                0x0000000000004ff0       0x22 FreeRTOS_Source\tasks.o
                0x0000000000004ff0                xTaskGetTickCountFromISR
 .text.uxTaskGetNumberOfTasks
                0x0000000000005012       0x16 FreeRTOS_Source\tasks.o
                0x0000000000005012                uxTaskGetNumberOfTasks
 .text.prvSearchForNameWithinSingleList
                0x0000000000005028      0x12a FreeRTOS_Source\tasks.o
 .text.xTaskGetHandle
                0x0000000000005152       0xe0 FreeRTOS_Source\tasks.o
                0x0000000000005152                xTaskGetHandle
 .text.xTaskAbortDelay
                0x0000000000005232       0xe8 FreeRTOS_Source\tasks.o
                0x0000000000005232                xTaskAbortDelay
 .text.xTaskIncrementTick
                0x000000000000531a      0x1da FreeRTOS_Source\tasks.o
                0x000000000000531a                xTaskIncrementTick
 .text.vTaskSwitchContext
                0x00000000000054f4      0x146 FreeRTOS_Source\tasks.o
                0x00000000000054f4                vTaskSwitchContext
 .text.vTaskPlaceOnEventList
                0x000000000000563a       0x46 FreeRTOS_Source\tasks.o
                0x000000000000563a                vTaskPlaceOnEventList
 .text.vTaskPlaceOnUnorderedEventList
                0x0000000000005680       0x70 FreeRTOS_Source\tasks.o
                0x0000000000005680                vTaskPlaceOnUnorderedEventList
 .text.vTaskPlaceOnEventListRestricted
                0x00000000000056f0       0x58 FreeRTOS_Source\tasks.o
                0x00000000000056f0                vTaskPlaceOnEventListRestricted
 .text.xTaskRemoveFromEventList
                0x0000000000005748       0xdc FreeRTOS_Source\tasks.o
                0x0000000000005748                xTaskRemoveFromEventList
 .text.vTaskRemoveFromUnorderedEventList
                0x0000000000005824       0xcc FreeRTOS_Source\tasks.o
                0x0000000000005824                vTaskRemoveFromUnorderedEventList
 .text.vTaskSetTimeOutState
                0x00000000000058f0       0x44 FreeRTOS_Source\tasks.o
                0x00000000000058f0                vTaskSetTimeOutState
 .text.vTaskInternalSetTimeOutState
                0x0000000000005934       0x2e FreeRTOS_Source\tasks.o
                0x0000000000005934                vTaskInternalSetTimeOutState
 .text.xTaskCheckForTimeOut
                0x0000000000005962       0xf8 FreeRTOS_Source\tasks.o
                0x0000000000005962                xTaskCheckForTimeOut
 .text.vTaskMissedYield
                0x0000000000005a5a       0x18 FreeRTOS_Source\tasks.o
                0x0000000000005a5a                vTaskMissedYield
 .text.prvIdleTask
                0x0000000000005a72       0x14 FreeRTOS_Source\tasks.o
 .text.prvInitialiseTaskLists
                0x0000000000005a86       0xa4 FreeRTOS_Source\tasks.o
 .text.prvCheckTasksWaitingTermination
                0x0000000000005b2a       0x6c FreeRTOS_Source\tasks.o
 .text.prvDeleteTCB
                0x0000000000005b96       0x2a FreeRTOS_Source\tasks.o
 .text.prvResetNextTaskUnblockTime
                0x0000000000005bc0       0x3a FreeRTOS_Source\tasks.o
 .text.xTaskGetCurrentTaskHandle
                0x0000000000005bfa       0x1e FreeRTOS_Source\tasks.o
                0x0000000000005bfa                xTaskGetCurrentTaskHandle
 .text.xTaskGetSchedulerState
                0x0000000000005c18       0x3a FreeRTOS_Source\tasks.o
                0x0000000000005c18                xTaskGetSchedulerState
 .text.xTaskPriorityInherit
                0x0000000000005c52      0x116 FreeRTOS_Source\tasks.o
                0x0000000000005c52                xTaskPriorityInherit
 .text.xTaskPriorityDisinherit
                0x0000000000005d68       0xf0 FreeRTOS_Source\tasks.o
                0x0000000000005d68                xTaskPriorityDisinherit
 .text.vTaskPriorityDisinheritAfterTimeout
                0x0000000000005e58      0x134 FreeRTOS_Source\tasks.o
                0x0000000000005e58                vTaskPriorityDisinheritAfterTimeout
 .text.vTaskEnterCritical
                0x0000000000005f8c       0x32 FreeRTOS_Source\tasks.o
                0x0000000000005f8c                vTaskEnterCritical
 .text.vTaskExitCritical
                0x0000000000005fbe       0x42 FreeRTOS_Source\tasks.o
                0x0000000000005fbe                vTaskExitCritical
 .text.uxTaskResetEventItemValue
                0x0000000000006000       0x3a FreeRTOS_Source\tasks.o
                0x0000000000006000                uxTaskResetEventItemValue
 .text.pvTaskIncrementMutexHeldCount
                0x000000000000603a       0x2e FreeRTOS_Source\tasks.o
                0x000000000000603a                pvTaskIncrementMutexHeldCount
 .text.ulTaskGenericNotifyTake
                0x0000000000006068       0xe4 FreeRTOS_Source\tasks.o
                0x0000000000006068                ulTaskGenericNotifyTake
 .text.xTaskGenericNotifyWait
                0x000000000000614c      0x134 FreeRTOS_Source\tasks.o
                0x000000000000614c                xTaskGenericNotifyWait
 .text.xTaskGenericNotify
                0x0000000000006280      0x1da FreeRTOS_Source\tasks.o
                0x0000000000006280                xTaskGenericNotify
 .text.xTaskGenericNotifyFromISR
                0x000000000000645a      0x20e FreeRTOS_Source\tasks.o
                0x000000000000645a                xTaskGenericNotifyFromISR
 .text.vTaskGenericNotifyGiveFromISR
                0x0000000000006668      0x142 FreeRTOS_Source\tasks.o
                0x0000000000006668                vTaskGenericNotifyGiveFromISR
 .text.xTaskGenericNotifyStateClear
                0x00000000000067aa       0x7c FreeRTOS_Source\tasks.o
                0x00000000000067aa                xTaskGenericNotifyStateClear
 .text.ulTaskGenericNotifyValueClear
                0x0000000000006826       0x80 FreeRTOS_Source\tasks.o
                0x0000000000006826                ulTaskGenericNotifyValueClear
 .text.prvAddCurrentTaskToDelayedList
                0x00000000000068a6       0xe4 FreeRTOS_Source\tasks.o
 .text.xTimerCreateTimerTask
                0x000000000000698a       0x5c FreeRTOS_Source\timers.o
                0x000000000000698a                xTimerCreateTimerTask
 .text.xTimerCreate
                0x00000000000069e6       0x5e FreeRTOS_Source\timers.o
                0x00000000000069e6                xTimerCreate
 .text.prvInitialiseNewTimer
                0x0000000000006a44       0x94 FreeRTOS_Source\timers.o
 .text.xTimerGenericCommand
                0x0000000000006ad8       0xce FreeRTOS_Source\timers.o
                0x0000000000006ad8                xTimerGenericCommand
 .text.vTimerSetReloadMode
                0x0000000000006ba6       0x70 FreeRTOS_Source\timers.o
                0x0000000000006ba6                vTimerSetReloadMode
 .text.uxTimerGetReloadMode
                0x0000000000006c16       0x50 FreeRTOS_Source\timers.o
                0x0000000000006c16                uxTimerGetReloadMode
 .text.pcTimerGetName
                0x0000000000006c66       0x2e FreeRTOS_Source\timers.o
                0x0000000000006c66                pcTimerGetName
 .text.prvProcessExpiredTimer
                0x0000000000006c94       0xaa FreeRTOS_Source\timers.o
 .text.prvTimerTask
                0x0000000000006d3e       0x28 FreeRTOS_Source\timers.o
 .text.prvProcessTimerOrBlockTask
                0x0000000000006d66       0xa2 FreeRTOS_Source\timers.o
 .text.prvGetNextExpireTime
                0x0000000000006e08       0x4c FreeRTOS_Source\timers.o
 .text.prvSampleTimeNow
                0x0000000000006e54       0x52 FreeRTOS_Source\timers.o
 .text.prvInsertTimerInActiveList
                0x0000000000006ea6       0xb4 FreeRTOS_Source\timers.o
 .text.prvProcessReceivedCommands
                0x0000000000006f5a      0x1d4 FreeRTOS_Source\timers.o
 .text.prvSwitchTimerLists
                0x000000000000712e       0xf8 FreeRTOS_Source\timers.o
 .text.prvCheckForValidListAndQueue
                0x0000000000007226       0x8e FreeRTOS_Source\timers.o
 .text.xTimerIsTimerActive
                0x00000000000072b4       0x52 FreeRTOS_Source\timers.o
                0x00000000000072b4                xTimerIsTimerActive
 .text.pvTimerGetTimerID
                0x0000000000007306       0x42 FreeRTOS_Source\timers.o
                0x0000000000007306                pvTimerGetTimerID
 .text.vTimerSetTimerID
                0x0000000000007348       0x42 FreeRTOS_Source\timers.o
                0x0000000000007348                vTimerSetTimerID
 .text.xTimerPendFunctionCallFromISR
                0x000000000000738a       0x62 FreeRTOS_Source\timers.o
                0x000000000000738a                xTimerPendFunctionCallFromISR
 .text.CLOCK_EnableClock
                0x00000000000073ec       0x4c common\pin_mux.o
 .text.PORT_SetPinMux
                0x0000000000007438       0x46 common\pin_mux.o
 .text.BOARD_InitPins
                0x000000000000747e       0x4e common\pin_mux.o
                0x000000000000747e                BOARD_InitPins
 .text.CLOCK_SetIpSrc
                0x00000000000074cc       0xa8 common\rv32m1_sdk_riscv\board\board.o
 .text.BOARD_InitDebugConsole
                0x0000000000007574       0x42 common\rv32m1_sdk_riscv\board\board.o
                0x0000000000007574                BOARD_InitDebugConsole
 .text.CLOCK_SetRunModeSysClkConfig
                0x00000000000075b6       0x42 common\rv32m1_sdk_riscv\board\clock_config.o
 .text.CLOCK_GetCurSysClkConfig
                0x00000000000075f8       0x42 common\rv32m1_sdk_riscv\board\clock_config.o
 .text.CLOCK_CONFIG_FircSafeConfig
                0x000000000000763a       0xa8 common\rv32m1_sdk_riscv\board\clock_config.o
 .text.BOARD_BootClockRUN
                0x00000000000076e2       0x64 common\rv32m1_sdk_riscv\board\clock_config.o
                0x00000000000076e2                BOARD_BootClockRUN
 .text.CLOCK_GetIpFreq
                0x0000000000007746      0x128 common\rv32m1_sdk_riscv\devices\RV32M1\drivers\fsl_clock.o
                0x0000000000007746                CLOCK_GetIpFreq
 .text.CLOCK_GetSysOscFreq
                0x000000000000786e       0x50 common\rv32m1_sdk_riscv\devices\RV32M1\drivers\fsl_clock.o
                0x000000000000786e                CLOCK_GetSysOscFreq
 .text.CLOCK_GetSysOscAsyncFreq
                0x00000000000078be       0x90 common\rv32m1_sdk_riscv\devices\RV32M1\drivers\fsl_clock.o
                0x00000000000078be                CLOCK_GetSysOscAsyncFreq
 .text.CLOCK_InitSirc
                0x000000000000794e       0xb2 common\rv32m1_sdk_riscv\devices\RV32M1\drivers\fsl_clock.o
                0x000000000000794e                CLOCK_InitSirc
 .text.CLOCK_DeinitSirc
                0x0000000000007a00       0x48 common\rv32m1_sdk_riscv\devices\RV32M1\drivers\fsl_clock.o
                0x0000000000007a00                CLOCK_DeinitSirc
 .text.CLOCK_GetSircFreq
                0x0000000000007a48       0x3c common\rv32m1_sdk_riscv\devices\RV32M1\drivers\fsl_clock.o
                0x0000000000007a48                CLOCK_GetSircFreq
 .text.CLOCK_GetSircAsyncFreq
                0x0000000000007a84       0x90 common\rv32m1_sdk_riscv\devices\RV32M1\drivers\fsl_clock.o
                0x0000000000007a84                CLOCK_GetSircAsyncFreq
 .text.CLOCK_InitFirc
                0x0000000000007b14      0x14c common\rv32m1_sdk_riscv\devices\RV32M1\drivers\fsl_clock.o
                0x0000000000007b14                CLOCK_InitFirc
 .text.CLOCK_DeinitFirc
                0x0000000000007c60       0x4c common\rv32m1_sdk_riscv\devices\RV32M1\drivers\fsl_clock.o
                0x0000000000007c60                CLOCK_DeinitFirc
 .text.CLOCK_GetFircFreq
                0x0000000000007cac       0x3a common\rv32m1_sdk_riscv\devices\RV32M1\drivers\fsl_clock.o
                0x0000000000007cac                CLOCK_GetFircFreq
 .text.CLOCK_GetFircAsyncFreq
                0x0000000000007ce6       0x90 common\rv32m1_sdk_riscv\devices\RV32M1\drivers\fsl_clock.o
                0x0000000000007ce6                CLOCK_GetFircAsyncFreq
 .text.CLOCK_InitLpFll
                0x0000000000007d76      0x17a common\rv32m1_sdk_riscv\devices\RV32M1\drivers\fsl_clock.o
                0x0000000000007d76                CLOCK_InitLpFll
 .text.CLOCK_DeinitLpFll
                0x0000000000007ef0       0x4c common\rv32m1_sdk_riscv\devices\RV32M1\drivers\fsl_clock.o
                0x0000000000007ef0                CLOCK_DeinitLpFll
 .text.CLOCK_GetLpFllFreq
                0x0000000000007f3c       0x3a common\rv32m1_sdk_riscv\devices\RV32M1\drivers\fsl_clock.o
                0x0000000000007f3c                CLOCK_GetLpFllFreq
 .text.CLOCK_GetLpFllAsyncFreq
                0x0000000000007f76       0x74 common\rv32m1_sdk_riscv\devices\RV32M1\drivers\fsl_clock.o
                0x0000000000007f76                CLOCK_GetLpFllAsyncFreq
 .text.__assert_func
                0x0000000000007fea       0x36 common\rv32m1_sdk_riscv\devices\RV32M1\drivers\fsl_common.o
                0x0000000000007fea                __assert_func
 .text.GPIO_WritePinOutput
                0x0000000000008020       0x44 common\rv32m1_sdk_riscv\devices\RV32M1\drivers\fsl_gpio.o
 .text.GPIO_PinInit
                0x0000000000008064       0x92 common\rv32m1_sdk_riscv\devices\RV32M1\drivers\fsl_gpio.o
                0x0000000000008064                GPIO_PinInit
 .text.CLOCK_EnableClock
                0x00000000000080f6       0x4c common\rv32m1_sdk_riscv\devices\RV32M1\drivers\fsl_lpuart.o
 .text.LPUART_SoftwareReset
                0x0000000000008142       0x32 common\rv32m1_sdk_riscv\devices\RV32M1\drivers\fsl_lpuart.o
 .text.LPUART_GetInstance
                0x0000000000008174       0x74 common\rv32m1_sdk_riscv\devices\RV32M1\drivers\fsl_lpuart.o
                0x0000000000008174                LPUART_GetInstance
 .text.LPUART_Init
                0x00000000000081e8      0x480 common\rv32m1_sdk_riscv\devices\RV32M1\drivers\fsl_lpuart.o
                0x00000000000081e8                LPUART_Init
 .text.LPUART_GetDefaultConfig
                0x0000000000008668       0xb2 common\rv32m1_sdk_riscv\devices\RV32M1\drivers\fsl_lpuart.o
                0x0000000000008668                LPUART_GetDefaultConfig
 .text.LPUART_GetStatusFlags
                0x000000000000871a       0x36 common\rv32m1_sdk_riscv\devices\RV32M1\drivers\fsl_lpuart.o
                0x000000000000871a                LPUART_GetStatusFlags
 .text.LPUART_ClearStatusFlags
                0x0000000000008750       0xf8 common\rv32m1_sdk_riscv\devices\RV32M1\drivers\fsl_lpuart.o
                0x0000000000008750                LPUART_ClearStatusFlags
 .text.LPUART_WriteBlocking
                0x0000000000008848       0x74 common\rv32m1_sdk_riscv\devices\RV32M1\drivers\fsl_lpuart.o
                0x0000000000008848                LPUART_WriteBlocking
 .text.LPUART_ReadBlocking
                0x00000000000088bc      0x16e common\rv32m1_sdk_riscv\devices\RV32M1\drivers\fsl_lpuart.o
                0x00000000000088bc                LPUART_ReadBlocking
 .text.LPUART0_DriverIRQHandler
                0x0000000000008a2a       0x2a common\rv32m1_sdk_riscv\devices\RV32M1\drivers\fsl_lpuart.o
                0x0000000000008a2a                LPUART0_DriverIRQHandler
 .text.LPUART1_DriverIRQHandler
                0x0000000000008a54       0x2c common\rv32m1_sdk_riscv\devices\RV32M1\drivers\fsl_lpuart.o
                0x0000000000008a54                LPUART1_DriverIRQHandler
 .text.LPUART2_DriverIRQHandler
                0x0000000000008a80       0x2c common\rv32m1_sdk_riscv\devices\RV32M1\drivers\fsl_lpuart.o
                0x0000000000008a80                LPUART2_DriverIRQHandler
 .text.LPUART3_DriverIRQHandler
                0x0000000000008aac       0x2c common\rv32m1_sdk_riscv\devices\RV32M1\drivers\fsl_lpuart.o
                0x0000000000008aac                LPUART3_DriverIRQHandler
 .text.CLOCK_EnableClock
                0x0000000000008ad8       0x4c common\rv32m1_sdk_riscv\devices\RV32M1\system_RV32M1_ri5cy.o
 .text.EnableIRQ
                0x0000000000008b24       0x52 common\rv32m1_sdk_riscv\devices\RV32M1\system_RV32M1_ri5cy.o
 .text.copy_section
                0x0000000000008b76       0x48 common\rv32m1_sdk_riscv\devices\RV32M1\system_RV32M1_ri5cy.o
 .text.zero_section
                0x0000000000008bbe       0x3e common\rv32m1_sdk_riscv\devices\RV32M1\system_RV32M1_ri5cy.o
 .text.DMA0_0_4_8_12_IRQHandler
                0x0000000000008bfc       0x16 common\rv32m1_sdk_riscv\devices\RV32M1\system_RV32M1_ri5cy.o
                0x0000000000008bfc                DMA0_0_4_8_12_IRQHandler
 .text.DMA0_1_5_9_13_IRQHandler
                0x0000000000008c12       0x16 common\rv32m1_sdk_riscv\devices\RV32M1\system_RV32M1_ri5cy.o
                0x0000000000008c12                DMA0_1_5_9_13_IRQHandler
 .text.DMA0_2_6_10_14_IRQHandler
                0x0000000000008c28       0x16 common\rv32m1_sdk_riscv\devices\RV32M1\system_RV32M1_ri5cy.o
                0x0000000000008c28                DMA0_2_6_10_14_IRQHandler
 .text.DMA0_3_7_11_15_IRQHandler
                0x0000000000008c3e       0x16 common\rv32m1_sdk_riscv\devices\RV32M1\system_RV32M1_ri5cy.o
                0x0000000000008c3e                DMA0_3_7_11_15_IRQHandler
 .text.FLEXIO0_IRQHandler
                0x0000000000008c54       0x16 common\rv32m1_sdk_riscv\devices\RV32M1\system_RV32M1_ri5cy.o
                0x0000000000008c54                FLEXIO0_IRQHandler
 .text.LPI2C0_IRQHandler
                0x0000000000008c6a       0x16 common\rv32m1_sdk_riscv\devices\RV32M1\system_RV32M1_ri5cy.o
                0x0000000000008c6a                LPI2C0_IRQHandler
 .text.LPI2C1_IRQHandler
                0x0000000000008c80       0x16 common\rv32m1_sdk_riscv\devices\RV32M1\system_RV32M1_ri5cy.o
                0x0000000000008c80                LPI2C1_IRQHandler
 .text.LPI2C2_IRQHandler
                0x0000000000008c96       0x16 common\rv32m1_sdk_riscv\devices\RV32M1\system_RV32M1_ri5cy.o
                0x0000000000008c96                LPI2C2_IRQHandler
 .text.I2S0_IRQHandler
                0x0000000000008cac       0x16 common\rv32m1_sdk_riscv\devices\RV32M1\system_RV32M1_ri5cy.o
                0x0000000000008cac                I2S0_IRQHandler
 .text.USDHC0_IRQHandler
                0x0000000000008cc2       0x16 common\rv32m1_sdk_riscv\devices\RV32M1\system_RV32M1_ri5cy.o
                0x0000000000008cc2                USDHC0_IRQHandler
 .text.LPSPI0_IRQHandler
                0x0000000000008cd8       0x16 common\rv32m1_sdk_riscv\devices\RV32M1\system_RV32M1_ri5cy.o
                0x0000000000008cd8                LPSPI0_IRQHandler
 .text.LPSPI1_IRQHandler
                0x0000000000008cee       0x16 common\rv32m1_sdk_riscv\devices\RV32M1\system_RV32M1_ri5cy.o
                0x0000000000008cee                LPSPI1_IRQHandler
 .text.LPSPI2_IRQHandler
                0x0000000000008d04       0x16 common\rv32m1_sdk_riscv\devices\RV32M1\system_RV32M1_ri5cy.o
                0x0000000000008d04                LPSPI2_IRQHandler
 .text.LPUART0_IRQHandler
                0x0000000000008d1a       0x16 common\rv32m1_sdk_riscv\devices\RV32M1\system_RV32M1_ri5cy.o
                0x0000000000008d1a                LPUART0_IRQHandler
 .text.LPUART1_IRQHandler
                0x0000000000008d30       0x16 common\rv32m1_sdk_riscv\devices\RV32M1\system_RV32M1_ri5cy.o
                0x0000000000008d30                LPUART1_IRQHandler
 .text.LPUART2_IRQHandler
                0x0000000000008d46       0x16 common\rv32m1_sdk_riscv\devices\RV32M1\system_RV32M1_ri5cy.o
                0x0000000000008d46                LPUART2_IRQHandler
 .text.LPI2C3_IRQHandler
                0x0000000000008d5c       0x16 common\rv32m1_sdk_riscv\devices\RV32M1\system_RV32M1_ri5cy.o
                0x0000000000008d5c                LPI2C3_IRQHandler
 .text.LPSPI3_IRQHandler
                0x0000000000008d72       0x16 common\rv32m1_sdk_riscv\devices\RV32M1\system_RV32M1_ri5cy.o
                0x0000000000008d72                LPSPI3_IRQHandler
 .text.LPUART3_IRQHandler
                0x0000000000008d88       0x16 common\rv32m1_sdk_riscv\devices\RV32M1\system_RV32M1_ri5cy.o
                0x0000000000008d88                LPUART3_IRQHandler
 .text.INTMUX0_0_IRQHandler
                0x0000000000008d9e       0x16 common\rv32m1_sdk_riscv\devices\RV32M1\system_RV32M1_ri5cy.o
                0x0000000000008d9e                INTMUX0_0_IRQHandler
 .text.INTMUX0_1_IRQHandler
                0x0000000000008db4       0x16 common\rv32m1_sdk_riscv\devices\RV32M1\system_RV32M1_ri5cy.o
                0x0000000000008db4                INTMUX0_1_IRQHandler
 .text.INTMUX0_2_IRQHandler
                0x0000000000008dca       0x16 common\rv32m1_sdk_riscv\devices\RV32M1\system_RV32M1_ri5cy.o
                0x0000000000008dca                INTMUX0_2_IRQHandler
 .text.INTMUX0_3_IRQHandler
                0x0000000000008de0       0x16 common\rv32m1_sdk_riscv\devices\RV32M1\system_RV32M1_ri5cy.o
                0x0000000000008de0                INTMUX0_3_IRQHandler
 .text.INTMUX0_4_IRQHandler
                0x0000000000008df6       0x16 common\rv32m1_sdk_riscv\devices\RV32M1\system_RV32M1_ri5cy.o
                0x0000000000008df6                INTMUX0_4_IRQHandler
 .text.INTMUX0_5_IRQHandler
                0x0000000000008e0c       0x16 common\rv32m1_sdk_riscv\devices\RV32M1\system_RV32M1_ri5cy.o
                0x0000000000008e0c                INTMUX0_5_IRQHandler
 .text.INTMUX0_6_IRQHandler
                0x0000000000008e22       0x16 common\rv32m1_sdk_riscv\devices\RV32M1\system_RV32M1_ri5cy.o
                0x0000000000008e22                INTMUX0_6_IRQHandler
 .text.INTMUX0_7_IRQHandler
                0x0000000000008e38       0x16 common\rv32m1_sdk_riscv\devices\RV32M1\system_RV32M1_ri5cy.o
                0x0000000000008e38                INTMUX0_7_IRQHandler
 .text.DefaultIRQHandler
                0x0000000000008e4e        0x8 common\rv32m1_sdk_riscv\devices\RV32M1\system_RV32M1_ri5cy.o
                0x0000000000008e4e                LPSPI2_DriverIRQHandler
                0x0000000000008e4e                INTMUX0_3_DriverIRQHandler
                0x0000000000008e4e                LPI2C0_DriverIRQHandler
                0x0000000000008e4e                I2S0_DriverIRQHandler
                0x0000000000008e4e                LPTMR2_IRQHandler
                0x0000000000008e4e                TPM0_IRQHandler
                0x0000000000008e4e                INTMUX0_4_DriverIRQHandler
                0x0000000000008e4e                LPCMP0_IRQHandler
                0x0000000000008e4e                LPI2C3_DriverIRQHandler
                0x0000000000008e4e                WDOG0_IRQHandler
                0x0000000000008e4e                INTMUX0_1_DriverIRQHandler
                0x0000000000008e4e                ADC0_IRQHandler
                0x0000000000008e4e                FLEXIO0_DriverIRQHandler
                0x0000000000008e4e                EMVSIM0_IRQHandler
                0x0000000000008e4e                LPCMP1_IRQHandler
                0x0000000000008e4e                INTMUX0_7_DriverIRQHandler
                0x0000000000008e4e                FTFE_Command_Complete_IRQHandler
                0x0000000000008e4e                INTMUX0_6_DriverIRQHandler
                0x0000000000008e4e                PORTD_IRQHandler
                0x0000000000008e4e                PORTB_IRQHandler
                0x0000000000008e4e                USDHC0_DriverIRQHandler
                0x0000000000008e4e                LLWU0_IRQHandler
                0x0000000000008e4e                LPDAC0_IRQHandler
                0x0000000000008e4e                TPM2_IRQHandler
                0x0000000000008e4e                RTC_IRQHandler
                0x0000000000008e4e                DMA0_3_7_11_15_DriverIRQHandler
                0x0000000000008e4e                CMC0_IRQHandler
                0x0000000000008e4e                EWM_IRQHandler
                0x0000000000008e4e                DMA0_0_4_8_12_DriverIRQHandler
                0x0000000000008e4e                MUA_IRQHandler
                0x0000000000008e4e                TPM3_IRQHandler
                0x0000000000008e4e                DMA0_2_6_10_14_DriverIRQHandler
                0x0000000000008e4e                INTMUX0_0_DriverIRQHandler
                0x0000000000008e4e                RF0_0_IRQHandler
                0x0000000000008e4e                LPSPI0_DriverIRQHandler
                0x0000000000008e4e                USB0_IRQHandler
                0x0000000000008e4e                FTFE_Read_Collision_IRQHandler
                0x0000000000008e4e                LPI2C1_DriverIRQHandler
                0x0000000000008e4e                LPSPI1_DriverIRQHandler
                0x0000000000008e4e                SCG_IRQHandler
                0x0000000000008e4e                DMA0_1_5_9_13_DriverIRQHandler
                0x0000000000008e4e                TPM1_IRQHandler
                0x0000000000008e4e                RF0_1_IRQHandler
                0x0000000000008e4e                CAU3_Security_Violation_IRQHandler
                0x0000000000008e4e                PORTA_IRQHandler
                0x0000000000008e4e                LPIT1_IRQHandler
                0x0000000000008e4e                INTMUX0_2_DriverIRQHandler
                0x0000000000008e4e                CAU3_Task_Complete_IRQHandler
                0x0000000000008e4e                INTMUX0_8_DriverIRQHandler
                0x0000000000008e4e                PORTE_IRQHandler
                0x0000000000008e4e                LPTMR0_IRQHandler
                0x0000000000008e4e                SPM_IRQHandler
                0x0000000000008e4e                LPSPI3_DriverIRQHandler
                0x0000000000008e4e                LPI2C2_DriverIRQHandler
                0x0000000000008e4e                DMA0_Error_IRQHandler
                0x0000000000008e4e                LPTMR1_IRQHandler
                0x0000000000008e4e                INTMUX0_5_DriverIRQHandler
                0x0000000000008e4e                TRNG_IRQHandler
                0x0000000000008e4e                PORTC_IRQHandler
 .text.SystemInit
                0x0000000000008e56       0xa8 common\rv32m1_sdk_riscv\devices\RV32M1\system_RV32M1_ri5cy.o
                0x0000000000008e56                SystemInit
 .text.SystemInitHook
                0x0000000000008efe        0xe common\rv32m1_sdk_riscv\devices\RV32M1\system_RV32M1_ri5cy.o
                0x0000000000008efe                SystemInitHook
 .text.SystemSetupSystick
                0x0000000000008f0c       0xa0 common\rv32m1_sdk_riscv\devices\RV32M1\system_RV32M1_ri5cy.o
                0x0000000000008f0c                SystemSetupSystick
 .text.EVENT_SetIRQPriority
                0x0000000000008fac       0x8c common\rv32m1_sdk_riscv\devices\RV32M1\system_RV32M1_ri5cy.o
                0x0000000000008fac                EVENT_SetIRQPriority
 .text.DbgConsole_Init
                0x0000000000009038       0x5a common\rv32m1_sdk_riscv\devices\RV32M1\utilities\fsl_debug_console.o
                0x0000000000009038                DbgConsole_Init
 .text.DbgConsole_Printf
                0x0000000000009092       0x7e common\rv32m1_sdk_riscv\devices\RV32M1\utilities\fsl_debug_console.o
                0x0000000000009092                DbgConsole_Printf
 .text.DbgConsole_RelocateLog
                0x0000000000009110       0x92 common\rv32m1_sdk_riscv\devices\RV32M1\utilities\fsl_debug_console.o
 .text.LPUART_EnableTx
                0x00000000000091a2       0x46 common\rv32m1_sdk_riscv\devices\RV32M1\utilities\fsl_io.o
 .text.LPUART_EnableRx
                0x00000000000091e8       0x46 common\rv32m1_sdk_riscv\devices\RV32M1\utilities\fsl_io.o
 .text.IO_Init  0x000000000000922e       0xcc common\rv32m1_sdk_riscv\devices\RV32M1\utilities\fsl_io.o
                0x000000000000922e                IO_Init
 .text.IO_Transfer
                0x00000000000092fa       0x7e common\rv32m1_sdk_riscv\devices\RV32M1\utilities\fsl_io.o
                0x00000000000092fa                IO_Transfer
 .text.LOG_Init
                0x0000000000009378       0x4a common\rv32m1_sdk_riscv\devices\RV32M1\utilities\fsl_log.o
                0x0000000000009378                LOG_Init
 .text.LOG_Push
                0x00000000000093c2       0x46 common\rv32m1_sdk_riscv\devices\RV32M1\utilities\fsl_log.o
                0x00000000000093c2                LOG_Push
 .text.LOG_Pop  0x0000000000009408       0x50 common\rv32m1_sdk_riscv\devices\RV32M1\utilities\fsl_log.o
                0x0000000000009408                LOG_Pop
 .text.ConvertRadixNumToString
                0x0000000000009458      0x1b6 common\rv32m1_sdk_riscv\devices\RV32M1\utilities\fsl_str.o
 .text.StrFormatPrintf
                0x000000000000960e      0x4d6 common\rv32m1_sdk_riscv\devices\RV32M1\utilities\fsl_str.o
                0x000000000000960e                StrFormatPrintf
 .text.vCreateAbortDelayTasks
                0x0000000000009ae4       0x4e full_demo\common_demo_files\AbortDelay.o
                0x0000000000009ae4                vCreateAbortDelayTasks
 .text.prvControllingTask
                0x0000000000009b32       0xde full_demo\common_demo_files\AbortDelay.o
 .text.prvBlockingTask
                0x0000000000009c10       0xaa full_demo\common_demo_files\AbortDelay.o
 .text.prvPerformSingleTaskTests
                0x0000000000009cba       0x36 full_demo\common_demo_files\AbortDelay.o
 .text.prvTestAbortingTaskDelayUntil
                0x0000000000009cf0       0xbe full_demo\common_demo_files\AbortDelay.o
 .text.prvTestAbortingTaskDelay
                0x0000000000009dae       0x6c full_demo\common_demo_files\AbortDelay.o
 .text.prvTestAbortingTaskNotifyTake
                0x0000000000009e1a       0xb4 full_demo\common_demo_files\AbortDelay.o
 .text.prvTestAbortingEventGroupWait
                0x0000000000009ece       0xf0 full_demo\common_demo_files\AbortDelay.o
 .text.prvTestAbortingStreamBufferReceive
                0x0000000000009fbe       0xf8 full_demo\common_demo_files\AbortDelay.o
 .text.prvTestAbortingQueueSend
                0x000000000000a0b6      0x124 full_demo\common_demo_files\AbortDelay.o
 .text.prvTestAbortingSemaphoreTake
                0x000000000000a1da       0xc6 full_demo\common_demo_files\AbortDelay.o
 .text.prvTestAbortingTaskNotifyWait
                0x000000000000a2a0       0xbc full_demo\common_demo_files\AbortDelay.o
 .text.prvCheckExpectedTimeIsWithinAnAcceptableMargin
                0x000000000000a35c       0x62 full_demo\common_demo_files\AbortDelay.o
 .text.xAreAbortDelayTestTasksStillRunning
                0x000000000000a3be       0x78 full_demo\common_demo_files\AbortDelay.o
                0x000000000000a3be                xAreAbortDelayTestTasksStillRunning
 .text.vStartEventGroupTasks
                0x000000000000a436       0xc4 full_demo\common_demo_files\EventGroupsDemo.o
                0x000000000000a436                vStartEventGroupTasks
 .text.prvTestMasterTask
                0x000000000000a4fa       0xf6 full_demo\common_demo_files\EventGroupsDemo.o
 .text.prvSyncTask
                0x000000000000a5f0       0xd6 full_demo\common_demo_files\EventGroupsDemo.o
 .text.prvTestSlaveTask
                0x000000000000a6c6      0x1c0 full_demo\common_demo_files\EventGroupsDemo.o
 .text.prvPerformTaskSyncTests
                0x000000000000a886      0x32c full_demo\common_demo_files\EventGroupsDemo.o
 .text.prvBitCombinationTestMasterFunction
                0x000000000000abb2      0x1f0 full_demo\common_demo_files\EventGroupsDemo.o
 .text.prvSelectiveBitsTestSlaveFunction
                0x000000000000ada2       0x5e full_demo\common_demo_files\EventGroupsDemo.o
 .text.prvSelectiveBitsTestMasterFunction
                0x000000000000ae00      0x176 full_demo\common_demo_files\EventGroupsDemo.o
 .text.vPeriodicEventGroupsProcessing
                0x000000000000af76      0x162 full_demo\common_demo_files\EventGroupsDemo.o
                0x000000000000af76                vPeriodicEventGroupsProcessing
 .text.xAreEventGroupTasksStillRunning
                0x000000000000b0d8       0x90 full_demo\common_demo_files\EventGroupsDemo.o
                0x000000000000b0d8                xAreEventGroupTasksStillRunning
 .text.vStartGenericQueueTasks
                0x000000000000b168       0xfe full_demo\common_demo_files\GenQTest.o
                0x000000000000b168                vStartGenericQueueTasks
 .text.prvSendFrontAndBackTest
                0x000000000000b266      0x410 full_demo\common_demo_files\GenQTest.o
 .text.prvHighPriorityTimeout
                0x000000000000b676      0x2c0 full_demo\common_demo_files\GenQTest.o
 .text.prvTakeTwoMutexesReturnInDifferentOrder
                0x000000000000b936      0x184 full_demo\common_demo_files\GenQTest.o
 .text.prvTakeTwoMutexesReturnInSameOrder
                0x000000000000baba      0x15c full_demo\common_demo_files\GenQTest.o
 .text.prvLowPriorityMutexTask
                0x000000000000bc16       0x76 full_demo\common_demo_files\GenQTest.o
 .text.prvMediumPriorityMutexTask
                0x000000000000bc8c       0x28 full_demo\common_demo_files\GenQTest.o
 .text.prvHighPriorityMutexTask
                0x000000000000bcb4       0x6a full_demo\common_demo_files\GenQTest.o
 .text.xAreGenericQueueTasksStillRunning
                0x000000000000bd1e       0x7a full_demo\common_demo_files\GenQTest.o
                0x000000000000bd1e                xAreGenericQueueTasksStillRunning
 .text.vStartMessageBufferTasks
                0x000000000000bd98       0xc0 full_demo\common_demo_files\MessageBufferDemo.o
                0x000000000000bd98                vStartMessageBufferTasks
 .text.prvSingleTaskTests
                0x000000000000be58      0x688 full_demo\common_demo_files\MessageBufferDemo.o
 .text.prvNonBlockingSenderTask
                0x000000000000c4e0       0xc4 full_demo\common_demo_files\MessageBufferDemo.o
 .text.prvNonBlockingReceiverTask
                0x000000000000c5a4      0x12a full_demo\common_demo_files\MessageBufferDemo.o
 .text.prvEchoClient
                0x000000000000c6ce      0x16c full_demo\common_demo_files\MessageBufferDemo.o
 .text.prvEchoServer
                0x000000000000c83a      0x170 full_demo\common_demo_files\MessageBufferDemo.o
 .text.xAreMessageBufferTasksStillRunning
                0x000000000000c9aa       0xae full_demo\common_demo_files\MessageBufferDemo.o
                0x000000000000c9aa                xAreMessageBufferTasksStillRunning
 .text.vStartStreamBufferTasks
                0x000000000000ca58       0xb0 full_demo\common_demo_files\StreamBufferDemo.o
                0x000000000000ca58                vStartStreamBufferTasks
 .text.prvCheckExpectedState
                0x000000000000cb08       0x2e full_demo\common_demo_files\StreamBufferDemo.o
 .text.prvSingleTaskTests
                0x000000000000cb36      0xf20 full_demo\common_demo_files\StreamBufferDemo.o
 .text.prvNonBlockingSenderTask
                0x000000000000da56       0xb0 full_demo\common_demo_files\StreamBufferDemo.o
 .text.prvNonBlockingReceiverTask
                0x000000000000db06      0x128 full_demo\common_demo_files\StreamBufferDemo.o
 .text.prvEchoClient
                0x000000000000dc2e      0x2c4 full_demo\common_demo_files\StreamBufferDemo.o
 .text.prvEchoServer
                0x000000000000def2      0x15a full_demo\common_demo_files\StreamBufferDemo.o
 .text.vPeriodicStreamBufferProcessing
                0x000000000000e04c       0x82 full_demo\common_demo_files\StreamBufferDemo.o
                0x000000000000e04c                vPeriodicStreamBufferProcessing
 .text.prvInterruptTriggerLevelTest
                0x000000000000e0ce      0x1ee full_demo\common_demo_files\StreamBufferDemo.o
 .text.xAreStreamBufferTasksStillRunning
                0x000000000000e2bc       0xe2 full_demo\common_demo_files\StreamBufferDemo.o
                0x000000000000e2bc                xAreStreamBufferTasksStillRunning
 .text.vStartStreamBufferInterruptDemo
                0x000000000000e39e       0x44 full_demo\common_demo_files\StreamBufferInterrupt.o
                0x000000000000e39e                vStartStreamBufferInterruptDemo
 .text.prvReceivingTask
                0x000000000000e3e2      0x118 full_demo\common_demo_files\StreamBufferInterrupt.o
 .text.vBasicStreamBufferSendFromISR
                0x000000000000e4fa       0xae full_demo\common_demo_files\StreamBufferInterrupt.o
                0x000000000000e4fa                vBasicStreamBufferSendFromISR
 .text.xIsInterruptStreamBufferDemoStillRunning
                0x000000000000e5a8       0x40 full_demo\common_demo_files\StreamBufferInterrupt.o
                0x000000000000e5a8                xIsInterruptStreamBufferDemoStillRunning
 .text.vStartTaskNotifyTask
                0x000000000000e5e8       0x44 full_demo\common_demo_files\TaskNotify.o
                0x000000000000e5e8                vStartTaskNotifyTask
 .text.prvSingleTaskTests
                0x000000000000e62c      0x876 full_demo\common_demo_files\TaskNotify.o
 .text.prvSuspendedTaskTimerTestCallback
                0x000000000000eea2       0xc2 full_demo\common_demo_files\TaskNotify.o
 .text.prvNotifyingTimer
                0x000000000000ef64       0x48 full_demo\common_demo_files\TaskNotify.o
 .text.prvNotifiedTask
                0x000000000000efac      0x19c full_demo\common_demo_files\TaskNotify.o
 .text.xNotifyTaskFromISR
                0x000000000000f148      0x124 full_demo\common_demo_files\TaskNotify.o
                0x000000000000f148                xNotifyTaskFromISR
 .text.xAreTaskNotificationTasksStillRunning
                0x000000000000f26c       0x82 full_demo\common_demo_files\TaskNotify.o
                0x000000000000f26c                xAreTaskNotificationTasksStillRunning
 .text.prvRand  0x000000000000f2ee       0x50 full_demo\common_demo_files\TaskNotify.o
 .text.vStartTimerDemoTask
                0x000000000000f33e       0x6a full_demo\common_demo_files\TimerDemo.o
                0x000000000000f33e                vStartTimerDemoTask
 .text.prvTimerTestTask
                0x000000000000f3a8       0xc6 full_demo\common_demo_files\TimerDemo.o
 .text.xAreTimerDemoTasksStillRunning
                0x000000000000f46e       0xb8 full_demo\common_demo_files\TimerDemo.o
                0x000000000000f46e                xAreTimerDemoTasksStillRunning
 .text.prvTest1_CreateTimersWithoutSchedulerRunning
                0x000000000000f526      0x22c full_demo\common_demo_files\TimerDemo.o
 .text.prvTest2_CheckTaskAndTimersInitialState
                0x000000000000f752       0x90 full_demo\common_demo_files\TimerDemo.o
 .text.prvTest3_CheckAutoReloadExpireRates
                0x000000000000f7e2      0x10a full_demo\common_demo_files\TimerDemo.o
 .text.prvTest4_CheckAutoReloadTimersCanBeStopped
                0x000000000000f8ec      0x170 full_demo\common_demo_files\TimerDemo.o
 .text.prvTest5_CheckBasicOneShotTimerBehaviour
                0x000000000000fa5c      0x13c full_demo\common_demo_files\TimerDemo.o
 .text.prvTest6_CheckAutoReloadResetBehaviour
                0x000000000000fb98      0x30e full_demo\common_demo_files\TimerDemo.o
 .text.prvResetStartConditionsForNextIteration
                0x000000000000fea6       0xe2 full_demo\common_demo_files\TimerDemo.o
 .text.vTimerPeriodicISRTests
                0x000000000000ff88      0x736 full_demo\common_demo_files\TimerDemo.o
                0x000000000000ff88                vTimerPeriodicISRTests
 .text.prvAutoReloadTimerCallback
                0x00000000000106be       0x74 full_demo\common_demo_files\TimerDemo.o
 .text.prvOneShotTimerCallback
                0x0000000000010732       0x7e full_demo\common_demo_files\TimerDemo.o
 .text.prvISRAutoReloadTimerCallback
                0x00000000000107b0       0x28 full_demo\common_demo_files\TimerDemo.o
 .text.prvISROneShotTimerCallback
                0x00000000000107d8       0x28 full_demo\common_demo_files\TimerDemo.o
 .text.vCreateBlockTimeTasks
                0x0000000000010800       0x82 full_demo\common_demo_files\blocktim.o
                0x0000000000010800                vCreateBlockTimeTasks
 .text.vPrimaryBlockTimeTestTask
                0x0000000000010882      0x400 full_demo\common_demo_files\blocktim.o
 .text.vSecondaryBlockTimeTestTask
                0x0000000000010c82      0x13c full_demo\common_demo_files\blocktim.o
 .text.prvBasicDelayTests
                0x0000000000010dbe      0x1ce full_demo\common_demo_files\blocktim.o
 .text.xAreBlockTimeTestTasksStillRunning
                0x0000000000010f8c       0x78 full_demo\common_demo_files\blocktim.o
                0x0000000000010f8c                xAreBlockTimeTestTasksStillRunning
 .text.vStartCountingSemaphoreTasks
                0x0000000000011004       0xf4 full_demo\common_demo_files\countsem.o
                0x0000000000011004                vStartCountingSemaphoreTasks
 .text.prvDecrementSemaphoreCount
                0x00000000000110f8       0xce full_demo\common_demo_files\countsem.o
 .text.prvIncrementSemaphoreCount
                0x00000000000111c6       0xb6 full_demo\common_demo_files\countsem.o
 .text.prvCountingSemaphoreTask
                0x000000000001127c       0x7e full_demo\common_demo_files\countsem.o
 .text.xAreCountingSemaphoreTasksStillRunning
                0x00000000000112fa       0x82 full_demo\common_demo_files\countsem.o
                0x00000000000112fa                xAreCountingSemaphoreTasksStillRunning
 .text.vCreateSuicidalTasks
                0x000000000001137c       0x34 full_demo\common_demo_files\death.o
                0x000000000001137c                vCreateSuicidalTasks
 .text.vSuicidalTask
                0x00000000000113b0       0x6c full_demo\common_demo_files\death.o
 .text.vCreateTasks
                0x000000000001141c       0xa8 full_demo\common_demo_files\death.o
 .text.xIsCreateTaskStillRunning
                0x00000000000114c4       0x92 full_demo\common_demo_files\death.o
                0x00000000000114c4                xIsCreateTaskStillRunning
 .text.vStartDynamicPriorityTasks
                0x0000000000011556       0xe8 full_demo\common_demo_files\dynamic.o
                0x0000000000011556                vStartDynamicPriorityTasks
 .text.vLimitedIncrementTask
                0x000000000001163e       0x40 full_demo\common_demo_files\dynamic.o
 .text.vContinuousIncrementTask
                0x000000000001167e       0x78 full_demo\common_demo_files\dynamic.o
 .text.vCounterControlTask
                0x00000000000116f6      0x16a full_demo\common_demo_files\dynamic.o
 .text.vQueueSendWhenSuspendedTask
                0x0000000000011860       0x5c full_demo\common_demo_files\dynamic.o
 .text.vQueueReceiveWhenSuspendedTask
                0x00000000000118bc       0x86 full_demo\common_demo_files\dynamic.o
 .text.xAreDynamicPriorityTasksStillRunning
                0x0000000000011942       0x90 full_demo\common_demo_files\dynamic.o
                0x0000000000011942                xAreDynamicPriorityTasksStillRunning
 .text.vStartRecursiveMutexTasks
                0x00000000000119d2       0xa0 full_demo\common_demo_files\recmutex.o
                0x00000000000119d2                vStartRecursiveMutexTasks
 .text.prvRecursiveMutexControllingTask
                0x0000000000011a72       0xf4 full_demo\common_demo_files\recmutex.o
 .text.prvRecursiveMutexBlockingTask
                0x0000000000011b66       0xb4 full_demo\common_demo_files\recmutex.o
 .text.prvRecursiveMutexPollingTask
                0x0000000000011c1a      0x150 full_demo\common_demo_files\recmutex.o
 .text.xAreRecursiveMutexTasksStillRunning
                0x0000000000011d6a       0xba full_demo\common_demo_files\recmutex.o
                0x0000000000011d6a                xAreRecursiveMutexTasksStillRunning
 .text.main_full
                0x0000000000011e24       0xb0 full_demo\main_full.o
                0x0000000000011e24                main_full
 .text.prvCheckTask
                0x0000000000011ed4      0x1a8 full_demo\main_full.o
 .text.prvRegTestTaskEntry1
                0x000000000001207c       0x30 full_demo\main_full.o
 .text.prvRegTestTaskEntry2
                0x00000000000120ac       0x30 full_demo\main_full.o
 .text.vFullDemoTickHook
                0x00000000000120dc       0x26 full_demo\main_full.o
                0x00000000000120dc                vFullDemoTickHook
 .text.prvSetupPeripheralTimers
                0x0000000000012102        0xe full_demo\main_full.o
 .text.CLOCK_SetIpSrc
                0x0000000000012110       0xa8 main.o
 .text.GPIO_TogglePinsOutput
                0x00000000000121b8       0x20 main.o
 .text.main     0x00000000000121d8       0x18 main.o
                0x00000000000121d8                main
 .text.prvSetupHardware
                0x00000000000121f0       0x3a main.o
 .text.vToggleLED
                0x000000000001222a       0x1e main.o
                0x000000000001222a                vToggleLED
 .text.vSendString
                0x0000000000012248       0x1e main.o
                0x0000000000012248                vSendString
 .text.vApplicationMallocFailedHook
                0x0000000000012266        0xe main.o
                0x0000000000012266                vApplicationMallocFailedHook
 .text.vApplicationIdleHook
                0x0000000000012274        0xe main.o
                0x0000000000012274                vApplicationIdleHook
 .text.vApplicationStackOverflowHook
                0x0000000000012282       0x16 main.o
                0x0000000000012282                vApplicationStackOverflowHook
 .text.vApplicationTickHook
                0x0000000000012298       0x16 main.o
                0x0000000000012298                vApplicationTickHook
 .text.vPortSetupTimerInterrupt
                0x00000000000122ae       0x2a main.o
                0x00000000000122ae                vPortSetupTimerInterrupt
 .text.LPIT0_IRQHandler
                0x00000000000122d8       0x26 main.o
                0x00000000000122d8                LPIT0_IRQHandler
 .text.SystemIrqHandler
                0x00000000000122fe       0x48 main.o
                0x00000000000122fe                SystemIrqHandler
 *(.rodata)
 *fill*         0x0000000000012346        0x2 
 .rodata        0x0000000000012348        0x5 FreeRTOS_Source\tasks.o
 *fill*         0x000000000001234d        0x3 
 .rodata        0x0000000000012350        0xd FreeRTOS_Source\timers.o
 *fill*         0x000000000001235d        0x3 
 .rodata        0x0000000000012360       0x78 common\pin_mux.o
 .rodata        0x00000000000123d8       0x7f common\rv32m1_sdk_riscv\board\board.o
 *fill*         0x0000000000012457        0x1 
 .rodata        0x0000000000012458       0x4c common\rv32m1_sdk_riscv\board\clock_config.o
 .rodata        0x00000000000124a4      0x11c common\rv32m1_sdk_riscv\devices\RV32M1\drivers\fsl_clock.o
 .rodata        0x00000000000125c0       0x3e common\rv32m1_sdk_riscv\devices\RV32M1\drivers\fsl_common.o
 *fill*         0x00000000000125fe        0x2 
 .rodata        0x0000000000012600       0x6f common\rv32m1_sdk_riscv\devices\RV32M1\drivers\fsl_gpio.o
 *fill*         0x000000000001266f        0x1 
 .rodata        0x0000000000012670      0x1de common\rv32m1_sdk_riscv\devices\RV32M1\drivers\fsl_lpuart.o
 *fill*         0x000000000001284e        0x2 
 .rodata        0x0000000000012850       0x78 common\rv32m1_sdk_riscv\devices\RV32M1\system_RV32M1_ri5cy.o
 .rodata        0x00000000000128c8       0x7a common\rv32m1_sdk_riscv\devices\RV32M1\utilities\fsl_debug_console.o
 *fill*         0x0000000000012942        0x2 
 .rodata        0x0000000000012944       0x4f common\rv32m1_sdk_riscv\devices\RV32M1\utilities\fsl_io.o
 *fill*         0x0000000000012993        0x1 
 .rodata        0x0000000000012994       0x5b common\rv32m1_sdk_riscv\devices\RV32M1\utilities\fsl_log.o
 *fill*         0x00000000000129ef        0x1 
 .rodata        0x00000000000129f0        0xf full_demo\common_demo_files\AbortDelay.o
 *fill*         0x00000000000129ff        0x1 
 .rodata        0x0000000000012a00       0x15 full_demo\common_demo_files\EventGroupsDemo.o
 *fill*         0x0000000000012a15        0x3 
 .rodata        0x0000000000012a18       0x48 full_demo\common_demo_files\GenQTest.o
 .rodata        0x0000000000012a60       0x77 full_demo\common_demo_files\MessageBufferDemo.o
 *fill*         0x0000000000012ad7        0x1 
 .rodata        0x0000000000012ad8       0xc7 full_demo\common_demo_files\StreamBufferDemo.o
 *fill*         0x0000000000012b9f        0x1 
 .rodata        0x0000000000012ba0       0x35 full_demo\common_demo_files\StreamBufferInterrupt.o
 *fill*         0x0000000000012bd5        0x3 
 .rodata        0x0000000000012bd8       0x25 full_demo\common_demo_files\TaskNotify.o
 *fill*         0x0000000000012bfd        0x3 
 .rodata        0x0000000000012c00       0x33 full_demo\common_demo_files\TimerDemo.o
 *fill*         0x0000000000012c33        0x1 
 .rodata        0x0000000000012c34       0x23 full_demo\common_demo_files\blocktim.o
 *fill*         0x0000000000012c57        0x1 
 .rodata        0x0000000000012c58       0x2d full_demo\common_demo_files\countsem.o
 *fill*         0x0000000000012c85        0x3 
 .rodata        0x0000000000012c88       0x18 full_demo\common_demo_files\death.o
 .rodata        0x0000000000012ca0       0x40 full_demo\common_demo_files\dynamic.o
 .rodata        0x0000000000012ce0       0x25 full_demo\common_demo_files\recmutex.o
 *fill*         0x0000000000012d05        0x3 
 .rodata        0x0000000000012d08      0x1fe full_demo\main_full.o
 *fill*         0x0000000000012f06        0x2 
 .rodata        0x0000000000012f08       0x7f main.o
 *(.rodata*)
 *fill*         0x0000000000012f87        0x1 
 .rodata.xTaskGenericNotify
                0x0000000000012f88       0x14 FreeRTOS_Source\tasks.o
 .rodata.xTaskGenericNotifyFromISR
                0x0000000000012f9c       0x14 FreeRTOS_Source\tasks.o
 .rodata.prvProcessReceivedCommands
                0x0000000000012fb0       0x28 FreeRTOS_Source\timers.o
 .rodata.__func__.3377
                0x0000000000012fd8       0x12 common\pin_mux.o
 *fill*         0x0000000000012fea        0x2 
 .rodata.__func__.3391
                0x0000000000012fec        0xf common\rv32m1_sdk_riscv\board\board.o
 *fill*         0x0000000000012ffb        0x1 
 .rodata.g_scgSircConfig_BOARD_BootClockRUN
                0x0000000000012ffc       0x14 common\rv32m1_sdk_riscv\board\clock_config.o
                0x0000000000012ffc                g_scgSircConfig_BOARD_BootClockRUN
 .rodata.g_scgFircConfig_BOARD_BootClockRUN
                0x0000000000013010       0x18 common\rv32m1_sdk_riscv\board\clock_config.o
                0x0000000000013010                g_scgFircConfig_BOARD_BootClockRUN
 .rodata.g_scgLpFllConfig_BOARD_BootClockRUN
                0x0000000000013028       0x18 common\rv32m1_sdk_riscv\board\clock_config.o
                0x0000000000013028                g_scgLpFllConfig_BOARD_BootClockRUN
 .rodata.__func__.3440
                0x0000000000013040       0x1d common\rv32m1_sdk_riscv\board\clock_config.o
 *fill*         0x000000000001305d        0x3 
 .rodata.__func__.3448
                0x0000000000013060       0x19 common\rv32m1_sdk_riscv\board\clock_config.o
 *fill*         0x0000000000013079        0x3 
 .rodata.__func__.3640
                0x000000000001307c       0x10 common\rv32m1_sdk_riscv\devices\RV32M1\drivers\fsl_clock.o
 .rodata.__func__.3686
                0x000000000001308c       0x14 common\rv32m1_sdk_riscv\devices\RV32M1\drivers\fsl_clock.o
 .rodata.__func__.3700
                0x00000000000130a0        0xf common\rv32m1_sdk_riscv\devices\RV32M1\drivers\fsl_clock.o
 *fill*         0x00000000000130af        0x1 
 .rodata.__func__.3726
                0x00000000000130b0        0xf common\rv32m1_sdk_riscv\devices\RV32M1\drivers\fsl_clock.o
 *fill*         0x00000000000130bf        0x1 
 .rodata.fircFreq.3738
                0x00000000000130c0       0x10 common\rv32m1_sdk_riscv\devices\RV32M1\drivers\fsl_clock.o
 .rodata.__func__.3756
                0x00000000000130d0       0x10 common\rv32m1_sdk_riscv\devices\RV32M1\drivers\fsl_clock.o
 .rodata.lpfllFreq.3771
                0x00000000000130e0       0x10 common\rv32m1_sdk_riscv\devices\RV32M1\drivers\fsl_clock.o
 .rodata.__func__.3639
                0x00000000000130f0        0xd common\rv32m1_sdk_riscv\devices\RV32M1\drivers\fsl_gpio.o
 *fill*         0x00000000000130fd        0x3 
 .rodata.s_lpuartBases
                0x0000000000013100       0x10 common\rv32m1_sdk_riscv\devices\RV32M1\drivers\fsl_lpuart.o
 .rodata.s_lpuartClock
                0x0000000000013110       0x10 common\rv32m1_sdk_riscv\devices\RV32M1\drivers\fsl_lpuart.o
 .rodata.__func__.3853
                0x0000000000013120       0x13 common\rv32m1_sdk_riscv\devices\RV32M1\drivers\fsl_lpuart.o
 *fill*         0x0000000000013133        0x1 
 .rodata.__func__.3893
                0x0000000000013134        0xc common\rv32m1_sdk_riscv\devices\RV32M1\drivers\fsl_lpuart.o
 .rodata.__func__.3377
                0x0000000000013140       0x12 common\rv32m1_sdk_riscv\devices\RV32M1\drivers\fsl_lpuart.o
 *fill*         0x0000000000013152        0x2 
 .rodata.__func__.3920
                0x0000000000013154       0x18 common\rv32m1_sdk_riscv\devices\RV32M1\drivers\fsl_lpuart.o
 .rodata.__func__.3966
                0x000000000001316c       0x15 common\rv32m1_sdk_riscv\devices\RV32M1\drivers\fsl_lpuart.o
 *fill*         0x0000000000013181        0x3 
 .rodata.__func__.3978
                0x0000000000013184       0x14 common\rv32m1_sdk_riscv\devices\RV32M1\drivers\fsl_lpuart.o
 .rodata.__func__.3377
                0x0000000000013198       0x12 common\rv32m1_sdk_riscv\devices\RV32M1\system_RV32M1_ri5cy.o
 *fill*         0x00000000000131aa        0x2 
 .rodata.__func__.4270
                0x00000000000131ac       0x10 common\rv32m1_sdk_riscv\devices\RV32M1\utilities\fsl_debug_console.o
 .rodata.__func__.3644
                0x00000000000131bc        0x9 common\rv32m1_sdk_riscv\devices\RV32M1\utilities\fsl_log.o
 *fill*         0x00000000000131c5        0x3 
 .rodata.prvBlockingTask
                0x00000000000131c8       0x20 full_demo\common_demo_files\AbortDelay.o
 .rodata.__func__.3391
                0x00000000000131e8        0xf main.o
 *fill*         0x00000000000131f7        0x1 
 .rodata.str1.4
                0x00000000000131f8       0x13 c:/users/paulok/documents/projects/crevinn/riscv_ibex/riscv32-unknown-elf-gcc/bin/../lib/gcc/riscv32-unknown-elf/7.1.1/../../../../riscv32-unknown-elf/lib/rv32imcxpulpv2/ilp32\libc.a(lib_a-nano-svfprintf.o)
 *fill*         0x000000000001320b        0x1 
 .rodata.str1.4
                0x000000000001320c       0x28 c:/users/paulok/documents/projects/crevinn/riscv_ibex/riscv32-unknown-elf-gcc/bin/../lib/gcc/riscv32-unknown-elf/7.1.1/../../../../riscv32-unknown-elf/lib/rv32imcxpulpv2/ilp32\libc.a(lib_a-nano-vfprintf_i.o)
                                         0x25 (size before relaxing)
 *(.srodata .srodata.*)
 *(.glue_7)
 *(.glue_7t)
 *(.eh_frame)
 *(.init)
 *(.fini)

.rela.dyn       0x0000000000013234        0x0
 .rela.text.xEventGroupCreate
                0x0000000000013234        0x0 FreeRTOS_Source\event_groups.o
 .rela.text.xEventGroupSync
                0x0000000000013234        0x0 FreeRTOS_Source\event_groups.o
 .rela.text.xEventGroupWaitBits
                0x0000000000013234        0x0 FreeRTOS_Source\event_groups.o
 .rela.text.xEventGroupClearBits
                0x0000000000013234        0x0 FreeRTOS_Source\event_groups.o
 .rela.text.xEventGroupSetBits
                0x0000000000013234        0x0 FreeRTOS_Source\event_groups.o
 .rela.text.vEventGroupDelete
                0x0000000000013234        0x0 FreeRTOS_Source\event_groups.o
 .rela.sdata.xISRStackTop
                0x0000000000013234        0x0 FreeRTOS_Source\event_groups.o
 .rela.text.xPortStartScheduler
                0x0000000000013234        0x0 FreeRTOS_Source\event_groups.o
 .rela.text     0x0000000000013234        0x0 FreeRTOS_Source\event_groups.o
 .rela.text.pvPortMalloc
                0x0000000000013234        0x0 FreeRTOS_Source\event_groups.o
 .rela.text.vPortFree
                0x0000000000013234        0x0 FreeRTOS_Source\event_groups.o
 .rela.text.vPortGetHeapStats
                0x0000000000013234        0x0 FreeRTOS_Source\event_groups.o
 .rela.text.xQueueGenericReset
                0x0000000000013234        0x0 FreeRTOS_Source\event_groups.o
 .rela.text.xQueueGetMutexHolder
                0x0000000000013234        0x0 FreeRTOS_Source\event_groups.o
 .rela.text.xQueueGiveMutexRecursive
                0x0000000000013234        0x0 FreeRTOS_Source\event_groups.o
 .rela.text.xQueueTakeMutexRecursive
                0x0000000000013234        0x0 FreeRTOS_Source\event_groups.o
 .rela.text.xQueueGenericSend
                0x0000000000013234        0x0 FreeRTOS_Source\event_groups.o
 .rela.text.xQueueGenericSendFromISR
                0x0000000000013234        0x0 FreeRTOS_Source\event_groups.o
 .rela.text.xQueueGiveFromISR
                0x0000000000013234        0x0 FreeRTOS_Source\event_groups.o
 .rela.text.xQueueReceive
                0x0000000000013234        0x0 FreeRTOS_Source\event_groups.o
 .rela.text.xQueueSemaphoreTake
                0x0000000000013234        0x0 FreeRTOS_Source\event_groups.o
 .rela.text.xQueuePeek
                0x0000000000013234        0x0 FreeRTOS_Source\event_groups.o
 .rela.text.xQueueReceiveFromISR
                0x0000000000013234        0x0 FreeRTOS_Source\event_groups.o
 .rela.text.uxQueueMessagesWaiting
                0x0000000000013234        0x0 FreeRTOS_Source\event_groups.o
 .rela.text.uxQueueSpacesAvailable
                0x0000000000013234        0x0 FreeRTOS_Source\event_groups.o
 .rela.text.prvCopyDataToQueue
                0x0000000000013234        0x0 FreeRTOS_Source\event_groups.o
 .rela.text.prvCopyDataFromQueue
                0x0000000000013234        0x0 FreeRTOS_Source\event_groups.o
 .rela.text.prvUnlockQueue
                0x0000000000013234        0x0 FreeRTOS_Source\event_groups.o
 .rela.text.prvIsQueueEmpty
                0x0000000000013234        0x0 FreeRTOS_Source\event_groups.o
 .rela.text.prvIsQueueFull
                0x0000000000013234        0x0 FreeRTOS_Source\event_groups.o
 .rela.text.vQueueWaitForMessageRestricted
                0x0000000000013234        0x0 FreeRTOS_Source\event_groups.o
 .rela.text.vStreamBufferDelete
                0x0000000000013234        0x0 FreeRTOS_Source\event_groups.o
 .rela.text.xStreamBufferReset
                0x0000000000013234        0x0 FreeRTOS_Source\event_groups.o
 .rela.text.xStreamBufferSend
                0x0000000000013234        0x0 FreeRTOS_Source\event_groups.o
 .rela.text.xStreamBufferSendFromISR
                0x0000000000013234        0x0 FreeRTOS_Source\event_groups.o
 .rela.text.xStreamBufferReceive
                0x0000000000013234        0x0 FreeRTOS_Source\event_groups.o
 .rela.text.xStreamBufferReceiveFromISR
                0x0000000000013234        0x0 FreeRTOS_Source\event_groups.o
 .rela.text.xStreamBufferSendCompletedFromISR
                0x0000000000013234        0x0 FreeRTOS_Source\event_groups.o
 .rela.text.xStreamBufferReceiveCompletedFromISR
                0x0000000000013234        0x0 FreeRTOS_Source\event_groups.o
 .rela.text.prvWriteBytesToBuffer
                0x0000000000013234        0x0 FreeRTOS_Source\event_groups.o
 .rela.text.prvReadBytesFromBuffer
                0x0000000000013234        0x0 FreeRTOS_Source\event_groups.o
 .rela.text.prvInitialiseNewStreamBuffer
                0x0000000000013234        0x0 FreeRTOS_Source\event_groups.o
 .rela.text.prvInitialiseNewTask
                0x0000000000013234        0x0 FreeRTOS_Source\event_groups.o
 .rela.text.vTaskStartScheduler
                0x0000000000013234        0x0 FreeRTOS_Source\event_groups.o
 .rela.text.xTaskGetHandle
                0x0000000000013234        0x0 FreeRTOS_Source\event_groups.o
 .rela.text.xTaskIncrementTick
                0x0000000000013234        0x0 FreeRTOS_Source\event_groups.o
 .rela.text.vTaskSwitchContext
                0x0000000000013234        0x0 FreeRTOS_Source\event_groups.o
 .rela.text.prvIdleTask
                0x0000000000013234        0x0 FreeRTOS_Source\event_groups.o
 .rela.vectors  0x0000000000013234        0x0 FreeRTOS_Source\event_groups.o
 .rela.text.prvQueueReceiveTask
                0x0000000000013234        0x0 FreeRTOS_Source\event_groups.o
 .rela.text.CLOCK_EnableClock
                0x0000000000013234        0x0 FreeRTOS_Source\event_groups.o
 .rela.text.CLOCK_SetIpSrc
                0x0000000000013234        0x0 FreeRTOS_Source\event_groups.o
 .rela.text.BOARD_InitDebugConsole
                0x0000000000013234        0x0 FreeRTOS_Source\event_groups.o
 .rela.text.CLOCK_SetVlprModeSysClkConfig
                0x0000000000013234        0x0 FreeRTOS_Source\event_groups.o
 .rela.text.CLOCK_SetRunModeSysClkConfig
                0x0000000000013234        0x0 FreeRTOS_Source\event_groups.o
 .rela.text.CLOCK_SetHsrunModeSysClkConfig
                0x0000000000013234        0x0 FreeRTOS_Source\event_groups.o
 .rela.text.CLOCK_GetCurSysClkConfig
                0x0000000000013234        0x0 FreeRTOS_Source\event_groups.o
 .rela.text.CLOCK_CONFIG_FircSafeConfig
                0x0000000000013234        0x0 FreeRTOS_Source\event_groups.o
 .rela.text.BOARD_BootClockRUN
                0x0000000000013234        0x0 FreeRTOS_Source\event_groups.o
 .rela.text.BOARD_BootClockHSRUN
                0x0000000000013234        0x0 FreeRTOS_Source\event_groups.o
 .rela.text.BOARD_BootClockVLPR
                0x0000000000013234        0x0 FreeRTOS_Source\event_groups.o
 .rela.text.CLOCK_GetOsc32kClkFreq
                0x0000000000013234        0x0 FreeRTOS_Source\event_groups.o
 .rela.text.CLOCK_GetIpFreq
                0x0000000000013234        0x0 FreeRTOS_Source\event_groups.o
 .rela.text.CLOCK_InitSysOsc
                0x0000000000013234        0x0 FreeRTOS_Source\event_groups.o
 .rela.text.CLOCK_GetSysOscFreq
                0x0000000000013234        0x0 FreeRTOS_Source\event_groups.o
 .rela.text.CLOCK_InitSirc
                0x0000000000013234        0x0 FreeRTOS_Source\event_groups.o
 .rela.text.CLOCK_InitFirc
                0x0000000000013234        0x0 FreeRTOS_Source\event_groups.o
 .rela.text.CLOCK_GetRtcOscFreq
                0x0000000000013234        0x0 FreeRTOS_Source\event_groups.o
 .rela.text.CLOCK_InitLpFll
                0x0000000000013234        0x0 FreeRTOS_Source\event_groups.o
 .rela.text.__assert_func
                0x0000000000013234        0x0 FreeRTOS_Source\event_groups.o
 .rela.text.LPUART_TransferCreateHandle
                0x0000000000013234        0x0 FreeRTOS_Source\event_groups.o
 .rela.text.DMA0_0_4_8_12_IRQHandler
                0x0000000000013234        0x0 FreeRTOS_Source\event_groups.o
 .rela.text.DMA0_1_5_9_13_IRQHandler
                0x0000000000013234        0x0 FreeRTOS_Source\event_groups.o
 .rela.text.DMA0_2_6_10_14_IRQHandler
                0x0000000000013234        0x0 FreeRTOS_Source\event_groups.o
 .rela.text.DMA0_3_7_11_15_IRQHandler
                0x0000000000013234        0x0 FreeRTOS_Source\event_groups.o
 .rela.text.FLEXIO0_IRQHandler
                0x0000000000013234        0x0 FreeRTOS_Source\event_groups.o
 .rela.text.LPI2C0_IRQHandler
                0x0000000000013234        0x0 FreeRTOS_Source\event_groups.o
 .rela.text.LPI2C1_IRQHandler
                0x0000000000013234        0x0 FreeRTOS_Source\event_groups.o
 .rela.text.LPI2C2_IRQHandler
                0x0000000000013234        0x0 FreeRTOS_Source\event_groups.o
 .rela.text.I2S0_IRQHandler
                0x0000000000013234        0x0 FreeRTOS_Source\event_groups.o
 .rela.text.USDHC0_IRQHandler
                0x0000000000013234        0x0 FreeRTOS_Source\event_groups.o
 .rela.text.LPSPI0_IRQHandler
                0x0000000000013234        0x0 FreeRTOS_Source\event_groups.o
 .rela.text.LPSPI1_IRQHandler
                0x0000000000013234        0x0 FreeRTOS_Source\event_groups.o
 .rela.text.LPSPI2_IRQHandler
                0x0000000000013234        0x0 FreeRTOS_Source\event_groups.o
 .rela.text.LPI2C3_IRQHandler
                0x0000000000013234        0x0 FreeRTOS_Source\event_groups.o
 .rela.text.LPSPI3_IRQHandler
                0x0000000000013234        0x0 FreeRTOS_Source\event_groups.o
 .rela.text.INTMUX0_0_IRQHandler
                0x0000000000013234        0x0 FreeRTOS_Source\event_groups.o
 .rela.text.INTMUX0_1_IRQHandler
                0x0000000000013234        0x0 FreeRTOS_Source\event_groups.o
 .rela.text.INTMUX0_2_IRQHandler
                0x0000000000013234        0x0 FreeRTOS_Source\event_groups.o
 .rela.text.INTMUX0_3_IRQHandler
                0x0000000000013234        0x0 FreeRTOS_Source\event_groups.o
 .rela.text.INTMUX0_4_IRQHandler
                0x0000000000013234        0x0 FreeRTOS_Source\event_groups.o
 .rela.text.INTMUX0_5_IRQHandler
                0x0000000000013234        0x0 FreeRTOS_Source\event_groups.o
 .rela.text.INTMUX0_6_IRQHandler
                0x0000000000013234        0x0 FreeRTOS_Source\event_groups.o
 .rela.text.INTMUX0_7_IRQHandler
                0x0000000000013234        0x0 FreeRTOS_Source\event_groups.o
 .relauser_vectors
                0x0000000000013234        0x0 FreeRTOS_Source\event_groups.o
 .rela.text.SystemInit
                0x0000000000013234        0x0 FreeRTOS_Source\event_groups.o
 .rela.text.DbgConsole_Init
                0x0000000000013234        0x0 FreeRTOS_Source\event_groups.o
 .rela.text.DbgConsole_Deinit
                0x0000000000013234        0x0 FreeRTOS_Source\event_groups.o
 .rela.text.DbgConsole_Flush
                0x0000000000013234        0x0 FreeRTOS_Source\event_groups.o
 .rela.text.DbgConsole_Printf
                0x0000000000013234        0x0 FreeRTOS_Source\event_groups.o
 .rela.text.DbgConsole_Putchar
                0x0000000000013234        0x0 FreeRTOS_Source\event_groups.o
 .rela.text.DbgConsole_Scanf
                0x0000000000013234        0x0 FreeRTOS_Source\event_groups.o
 .rela.text.DbgConsole_Getchar
                0x0000000000013234        0x0 FreeRTOS_Source\event_groups.o
 .rela.text.DbgConsole_RelocateLog
                0x0000000000013234        0x0 FreeRTOS_Source\event_groups.o
 .rela.text._write
                0x0000000000013234        0x0 FreeRTOS_Source\event_groups.o
 .rela.text._read
                0x0000000000013234        0x0 FreeRTOS_Source\event_groups.o
 .rela.text.read
                0x0000000000013234        0x0 FreeRTOS_Source\event_groups.o
 .rela.text.write
                0x0000000000013234        0x0 FreeRTOS_Source\event_groups.o
 .rela.text.StrFormatPrintf
                0x0000000000013234        0x0 FreeRTOS_Source\event_groups.o
 .rela.text.prvSingleTaskTests
                0x0000000000013234        0x0 FreeRTOS_Source\event_groups.o
 .rela.text.prvNonBlockingSenderTask
                0x0000000000013234        0x0 FreeRTOS_Source\event_groups.o
 .rela.text.prvNonBlockingReceiverTask
                0x0000000000013234        0x0 FreeRTOS_Source\event_groups.o
 .rela.text.prvEchoClient
                0x0000000000013234        0x0 FreeRTOS_Source\event_groups.o
 .rela.text.prvEchoServer
                0x0000000000013234        0x0 FreeRTOS_Source\event_groups.o
 .rela.text.vPeriodicStreamBufferProcessing
                0x0000000000013234        0x0 FreeRTOS_Source\event_groups.o
 .rela.text.prvInterruptTriggerLevelTest
                0x0000000000013234        0x0 FreeRTOS_Source\event_groups.o
 .rela.text.prvReceivingTask
                0x0000000000013234        0x0 FreeRTOS_Source\event_groups.o
 .rela.text.vBasicStreamBufferSendFromISR
                0x0000000000013234        0x0 FreeRTOS_Source\event_groups.o
 .rela.text.vStartTimerDemoTask
                0x0000000000013234        0x0 FreeRTOS_Source\event_groups.o
 .rela.text.prvTest1_CreateTimersWithoutSchedulerRunning
                0x0000000000013234        0x0 FreeRTOS_Source\event_groups.o
 .rela.text.prvTest4_CheckAutoReloadTimersCanBeStopped
                0x0000000000013234        0x0 FreeRTOS_Source\event_groups.o
 .rela.text.prvCheckTask
                0x0000000000013234        0x0 FreeRTOS_Source\event_groups.o

.preinit_array  0x0000000000013234        0x0
                0x0000000000013234                PROVIDE (__preinit_array_start, .)
 *(.preinit_array*)
                0x0000000000013234                PROVIDE (__preinit_array_end, .)
